Archive member included because of file (symbol)

C:\Users\shuva\AppData\Local\Temp\arduino_build_392105\core\core.a(exc.S.o)
                              (__exc_nmi)
C:\Users\shuva\AppData\Local\Temp\arduino_build_392105\core\core.a(isrs.S.o)
                              (__stm32reservedexception7)
C:\Users\shuva\AppData\Local\Temp\arduino_build_392105\core\core.a(vector_table.S.o)
                              (__stm32_vector_table)
C:\Users\shuva\AppData\Local\Temp\arduino_build_392105\core\core.a(adc.c.o)
                              C:\Users\shuva\AppData\Local\Temp\arduino_build_392105\core\wirish\boards.cpp.o (adc_set_sample_rate)
C:\Users\shuva\AppData\Local\Temp\arduino_build_392105\core\core.a(adc_f1.c.o)
                              (__irq_adc)
C:\Users\shuva\AppData\Local\Temp\arduino_build_392105\core\core.a(dma_f1.c.o)
                              (__irq_dma1_channel1)
C:\Users\shuva\AppData\Local\Temp\arduino_build_392105\core\core.a(exti.c.o)
                              (__irq_exti0)
C:\Users\shuva\AppData\Local\Temp\arduino_build_392105\core\core.a(exti_f1.c.o)
                              C:\Users\shuva\AppData\Local\Temp\arduino_build_392105\core\core.a(exti.c.o) (exti_select)
C:\Users\shuva\AppData\Local\Temp\arduino_build_392105\core\core.a(flash.c.o)
                              C:\Users\shuva\AppData\Local\Temp\arduino_build_392105\core\wirish\boards.cpp.o (flash_set_latency)
C:\Users\shuva\AppData\Local\Temp\arduino_build_392105\core\core.a(gpio_f1.c.o)
                              C:\Users\shuva\AppData\Local\Temp\arduino_build_392105\core\wirish\boards_setup.cpp.o (gpio_init_all)
C:\Users\shuva\AppData\Local\Temp\arduino_build_392105\core\core.a(i2c_f1.c.o)
                              (__irq_i2c1_ev)
C:\Users\shuva\AppData\Local\Temp\arduino_build_392105\core\core.a(nvic.c.o)
                              C:\Users\shuva\AppData\Local\Temp\arduino_build_392105\core\core.a(i2c_f1.c.o) (nvic_irq_set_priority)
C:\Users\shuva\AppData\Local\Temp\arduino_build_392105\core\core.a(rcc.c.o)
                              C:\Users\shuva\AppData\Local\Temp\arduino_build_392105\core\wirish\boards.cpp.o (rcc_switch_sysclk)
C:\Users\shuva\AppData\Local\Temp\arduino_build_392105\core\core.a(rcc_f1.c.o)
                              C:\Users\shuva\AppData\Local\Temp\arduino_build_392105\core\wirish\boards.cpp.o (rcc_configure_pll)
C:\Users\shuva\AppData\Local\Temp\arduino_build_392105\core\core.a(systick.c.o)
                              C:\Users\shuva\AppData\Local\Temp\arduino_build_392105\core\wirish\boards.cpp.o (systick_init)
C:\Users\shuva\AppData\Local\Temp\arduino_build_392105\core\core.a(timer.c.o)
                              C:\Users\shuva\AppData\Local\Temp\arduino_build_392105\core\wirish\boards.cpp.o (timer_foreach)
C:\Users\shuva\AppData\Local\Temp\arduino_build_392105\core\core.a(usart_f1.c.o)
                              (__irq_usart1)
C:\Users\shuva\AppData\Local\Temp\arduino_build_392105\core\core.a(usart_private.c.o)
                              C:\Users\shuva\AppData\Local\Temp\arduino_build_392105\core\core.a(usart_f1.c.o) (_usart_clock_freq)
C:\Users\shuva\AppData\Local\Temp\arduino_build_392105\core\core.a(usb.c.o)
                              (__irq_usb_lp_can_rx0)
C:\Users\shuva\AppData\Local\Temp\arduino_build_392105\core\core.a(usb_cdcacm.c.o)
                              C:\Users\shuva\AppData\Local\Temp\arduino_build_392105\core\core.a(usb.c.o) (User_Standard_Requests)
C:\Users\shuva\AppData\Local\Temp\arduino_build_392105\core\core.a(usb_reg_map.c.o)
                              C:\Users\shuva\AppData\Local\Temp\arduino_build_392105\core\core.a(usb_cdcacm.c.o) (usb_set_ep_rx_count)
C:\Users\shuva\AppData\Local\Temp\arduino_build_392105\core\core.a(usb_core.c.o)
                              C:\Users\shuva\AppData\Local\Temp\arduino_build_392105\core\core.a(usb_cdcacm.c.o) (Standard_GetDescriptorData)
C:\Users\shuva\AppData\Local\Temp\arduino_build_392105\core\core.a(usb_init.c.o)
                              C:\Users\shuva\AppData\Local\Temp\arduino_build_392105\core\core.a(usb.c.o) (pInformation)
C:\Users\shuva\AppData\Local\Temp\arduino_build_392105\core\core.a(usb_mem.c.o)
                              C:\Users\shuva\AppData\Local\Temp\arduino_build_392105\core\core.a(usb_core.c.o) (UserToPMABufferCopy)
C:\Users\shuva\AppData\Local\Temp\arduino_build_392105\core\core.a(usb_regs.c.o)
                              C:\Users\shuva\AppData\Local\Temp\arduino_build_392105\core\core.a(usb_core.c.o) (SetEPTxStatus)
C:\Users\shuva\AppData\Local\Temp\arduino_build_392105\core\core.a(util.c.o)
                              C:\Users\shuva\AppData\Local\Temp\arduino_build_392105\core\core.a(exc.S.o) (__error)
C:\Users\shuva\AppData\Local\Temp\arduino_build_392105\core\core.a(HardwareSerial.cpp.o)
[...]
Memory Configuration

Name             Origin             Length             Attributes
ram              0x20000000         0x00005000         xrw
rom              0x08000000         0x00010000         xr
*default*        0x00000000         0xffffffff

Linker script and memory map

LOAD c:/users/shuva/appdata/local/arduino15/packages/arduino/tools/arm-none-eabi-gcc/4.8.3-2014q1/bin/../lib/gcc/arm-none-eabi/4.8.3/armv7-m/crti.o
LOAD c:/users/shuva/appdata/local/arduino15/packages/arduino/tools/arm-none-eabi-gcc/4.8.3-2014q1/bin/../lib/gcc/arm-none-eabi/4.8.3/armv7-m/crtbegin.o
LOAD c:/users/shuva/appdata/local/arduino15/packages/arduino/tools/arm-none-eabi-gcc/4.8.3-2014q1/bin/../lib/gcc/arm-none-eabi/4.8.3/../../../../arm-none-eabi/lib/armv7-m/crt0.o
LOAD c:/users/shuva/appdata/local/arduino15/packages/arduino/tools/arm-none-eabi-gcc/4.8.3-2014q1/bin/../lib/gcc/arm-none-eabi/4.8.3/armv7-m\libgcc.a
START GROUP
LOAD C:\Users\shuva\AppData\Local\Temp\arduino_build_392105\sketch\stm32_blink.ino.cpp.o
LOAD C:\Users\shuva\AppData\Local\Temp\arduino_build_392105\core\wirish\start.S.o
LOAD C:\Users\shuva\AppData\Local\Temp\arduino_build_392105\core\wirish\start_c.c.o
LOAD C:\Users\shuva\AppData\Local\Temp\arduino_build_392105\core\wirish\syscalls.c.o
LOAD C:\Users\shuva\AppData\Local\Temp\arduino_build_392105\core\board.cpp.o
LOAD C:\Users\shuva\AppData\Local\Temp\arduino_build_392105\core\wirish\boards.cpp.o
LOAD C:\Users\shuva\AppData\Local\Temp\arduino_build_392105\core\wirish\boards_setup.cpp.o
LOAD C:\Users\shuva\AppData\Local\Temp\arduino_build_392105\core\core.a
END GROUP
LOAD c:/users/shuva/appdata/local/arduino15/packages/arduino/tools/arm-none-eabi-gcc/4.8.3-2014q1/bin/../lib/gcc/arm-none-eabi/4.8.3/../../../../arm-none-eabi/lib/armv7-m\libstdc++_s.a
LOAD c:/users/shuva/appdata/local/arduino15/packages/arduino/tools/arm-none-eabi-gcc/4.8.3-2014q1/bin/../lib/gcc/arm-none-eabi/4.8.3/../../../../arm-none-eabi/lib/armv7-m\libm.a
START GROUP
LOAD c:/users/shuva/appdata/local/arduino15/packages/arduino/tools/arm-none-eabi-gcc/4.8.3-2014q1/bin/../lib/gcc/arm-none-eabi/4.8.3/armv7-m\libgcc.a
LOAD c:/users/shuva/appdata/local/arduino15/packages/arduino/tools/arm-none-eabi-gcc/4.8.3-2014q1/bin/../lib/gcc/arm-none-eabi/4.8.3/../../../../arm-none-eabi/lib/armv7-m\libc_s.a
END GROUP
START GROUP
LOAD c:/users/shuva/appdata/local/arduino15/packages/arduino/tools/arm-none-eabi-gcc/4.8.3-2014q1/bin/../lib/gcc/arm-none-eabi/4.8.3/armv7-m\libgcc.a
LOAD c:/users/shuva/appdata/local/arduino15/packages/arduino/tools/arm-none-eabi-gcc/4.8.3-2014q1/bin/../lib/gcc/arm-none-eabi/4.8.3/../../../../arm-none-eabi/lib/armv7-m\libc_s.a
END GROUP
LOAD c:/users/shuva/appdata/local/arduino15/packages/arduino/tools/arm-none-eabi-gcc/4.8.3-2014q1/bin/../lib/gcc/arm-none-eabi/4.8.3/armv7-m/crtend.o
LOAD c:/users/shuva/appdata/local/arduino15/packages/arduino/tools/arm-none-eabi-gcc/4.8.3-2014q1/bin/../lib/gcc/arm-none-eabi/4.8.3/armv7-m/crtn.o
START GROUP
LOAD c:/users/shuva/appdata/local/arduino15/packages/arduino/tools/arm-none-eabi-gcc/4.8.3-2014q1/bin/../lib/gcc/arm-none-eabi/4.8.3/armv7-m\libgcc.a
LOAD c:/users/shuva/appdata/local/arduino15/packages/arduino/tools/arm-none-eabi-gcc/4.8.3-2014q1/bin/../lib/gcc/arm-none-eabi/4.8.3/../../../../arm-none-eabi/lib/armv7-m\libc.a
LOAD c:/users/shuva/appdata/local/arduino15/packages/arduino/tools/arm-none-eabi-gcc/4.8.3-2014q1/bin/../lib/gcc/arm-none-eabi/4.8.3/../../../../arm-none-eabi/lib/armv7-m\libm.a
END GROUP
START GROUP
LOAD c:/users/shuva/appdata/local/arduino15/packages/arduino/tools/arm-none-eabi-gcc/4.8.3-2014q1/bin/../lib/gcc/arm-none-eabi/4.8.3/../../../../arm-none-eabi/lib/armv7-m\libnosys.a
END GROUP
                0x20005000                PROVIDE (__msp_init, (ORIGIN (ram) + 0x5000))
                0x08000170                PROVIDE (__exc_reset, __start__)

.text           0x08000000     0x2a08
                0x08000000                __text_start__ = .
 *(.stm32.interrupt_vector)
 .stm32.interrupt_vector
                0x08000000       0xec C:\Users\shuva\AppData\Local\Temp\arduino_build_392105\core\core.a(vector_table.S.o)
                0x08000000                __stm32_vector_table
 *(.text .text.* .gnu.linkonce.t.*)
 .text          0x080000ec       0x54 c:/users/shuva/appdata/local/arduino15/packages/arduino/tools/arm-none-eabi-gcc/4.8.3-2014q1/bin/../lib/gcc/arm-none-eabi/4.8.3/armv7-m/crtbegin.o
 .text._Z5setupv
                0x08000140        0x8 C:\Users\shuva\AppData\Local\Temp\arduino_build_392105\sketch\stm32_blink.ino.cpp.o
                0x08000140                setup()
 .text._Z4loopv
                0x08000148       0x26 C:\Users\shuva\AppData\Local\Temp\arduino_build_392105\sketch\stm32_blink.ino.cpp.o
                0x08000148                loop()
 *fill*         0x0800016e        0x2 
 .text          0x08000170       0x10 C:\Users\shuva\AppData\Local\Temp\arduino_build_392105\core\wirish\start.S.o
                0x08000170                __start__
 .text.start_c  0x08000180       0x58 C:\Users\shuva\AppData\Local\Temp\arduino_build_392105\core\wirish\start_c.c.o
                0x08000180                start_c
 .text._Z9boardInitv
                0x080001d8        0x2 C:\Users\shuva\AppData\Local\Temp\arduino_build_392105\core\board.cpp.o
                0x080001d8                boardInit()
 *fill*         0x080001da        0x2 
 .text.startup._GLOBAL__sub_I__Z9boardInitv
                0x080001dc       0x48 C:\Users\shuva\AppData\Local\Temp\arduino_build_392105\core\board.cpp.o
 .text._ZL18adc_default_configP7adc_dev
                0x08000224       0x1c C:\Users\shuva\AppData\Local\Temp\arduino_build_392105\core\wirish\boards.cpp.o
 .text._ZL20timer_default_configP9timer_dev
                0x08000240       0x9e C:\Users\shuva\AppData\Local\Temp\arduino_build_392105\core\wirish\boards.cpp.o
 *fill*         0x080002de        0x2 
 .text._Z4initv
                0x080002e0       0xbc C:\Users\shuva\AppData\Local\Temp\arduino_build_392105\core\wirish\boards.cpp.o
                0x080002e0                init()
 .text._ZN6wirish4priv15board_reset_pllEv
                0x0800039c        0x2 C:\Users\shuva\AppData\Local\Temp\arduino_build_392105\core\wirish\boards_setup.cpp.o
                0x0800039c                wirish::priv::board_reset_pll()
 .text._ZN6wirish4priv28board_setup_clock_prescalersEv
                0x0800039e       0x2e C:\Users\shuva\AppData\Local\Temp\arduino_build_392105\core\wirish\boards_setup.cpp.o
                0x0800039e                wirish::priv::board_setup_clock_prescalers()
 .text._ZN6wirish4priv16board_setup_gpioEv
                0x080003cc        0x4 C:\Users\shuva\AppData\Local\Temp\arduino_build_392105\core\wirish\boards_setup.cpp.o
                0x080003cc                wirish::priv::board_setup_gpio()
 .text._ZN6wirish4priv15board_setup_usbEv
                0x080003d0       0x54 C:\Users\shuva\AppData\Local\Temp\arduino_build_392105\core\wirish\boards_setup.cpp.o
                0x080003d0                wirish::priv::board_setup_usb()
 .text._ZN6wirish4priv11series_initEv
                0x08000424        0x4 C:\Users\shuva\AppData\Local\Temp\arduino_build_392105\core\wirish\boards_setup.cpp.o
                0x08000424                wirish::priv::series_init()
 *fill*         0x08000428        0x8 
 .text          0x08000430       0x60 C:\Users\shuva\AppData\Local\Temp\arduino_build_392105\core\core.a(exc.S.o)
                0x08000430                __exc_nmi
                0x08000434                __exc_hardfault
                0x08000438                __exc_memmanage
                0x0800043c                __exc_busfault
                0x08000440                __exc_usagefault
 .text          0x08000490        0x2 C:\Users\shuva\AppData\Local\Temp\arduino_build_392105\core\core.a(isrs.S.o)
                0x08000490                __stm32reservedexception9
                0x08000490                __exc_debug_monitor
                0x08000490                __exc_svc
                0x08000490                __irq_can_rx1
                0x08000490                __irq_spi2
                0x08000490                __irq_can_sce
                0x08000490                __irq_pvd
                0x08000490                __irq_tamper
                0x08000490                __default_handler
                0x08000490                __irq_wwdg
                0x08000490                __stm32reservedexception10
                0x08000490                __irq_flash
                0x08000490                __stm32reservedexception13
                0x08000490                __irq_rtc
                0x08000490                __irq_spi1
                0x08000490                __stm32reservedexception7
                0x08000490                __irq_usb_hp_can_tx
                0x08000490                __irq_rtcalarm
                0x08000490                __stm32reservedexception8
                0x08000490                __exc_pendsv
                0x08000490                __irq_usbwakeup
                0x08000490                __irq_rcc
 .text.adc_init
                0x08000492       0x14 C:\Users\shuva\AppData\Local\Temp\arduino_build_392105\core\core.a(adc.c.o)
                0x08000492                adc_init
 .text.adc_set_extsel
                0x080004a6       0x12 C:\Users\shuva\AppData\Local\Temp\arduino_build_392105\core\core.a(adc.c.o)
                0x080004a6                adc_set_extsel
 .text.adc_set_sample_rate
                0x080004b8       0x30 C:\Users\shuva\AppData\Local\Temp\arduino_build_392105\core\core.a(adc.c.o)
                0x080004b8                adc_set_sample_rate
 .text.__irq_adc
                0x080004e8       0x50 C:\Users\shuva\AppData\Local\Temp\arduino_build_392105\core\core.a(adc_f1.c.o)
                0x080004e8                __irq_adc
 .text.adc_calibrate
                0x08000538       0x24 C:\Users\shuva\AppData\Local\Temp\arduino_build_392105\core\core.a(adc_f1.c.o)
                0x08000538                adc_calibrate
 .text.adc_set_prescaler
                0x0800055c        0x8 C:\Users\shuva\AppData\Local\Temp\arduino_build_392105\core\core.a(adc_f1.c.o)
                0x0800055c                adc_set_prescaler
 .text.adc_foreach
                0x08000564       0x1c C:\Users\shuva\AppData\Local\Temp\arduino_build_392105\core\core.a(adc_f1.c.o)
                0x08000564                adc_foreach
 .text.adc_enable_single_swstart
                0x08000580       0x36 C:\Users\shuva\AppData\Local\Temp\arduino_build_392105\core\core.a(adc_f1.c.o)
                0x08000580                adc_enable_single_swstart
 .text.dma_irq_handler
                0x080005b6       0x1c C:\Users\shuva\AppData\Local\Temp\arduino_build_392105\core\core.a(dma_f1.c.o)
 *fill*         0x080005d2        0x2 
 .text.__irq_dma1_channel1
                0x080005d4       0x10 C:\Users\shuva\AppData\Local\Temp\arduino_build_392105\core\core.a(dma_f1.c.o)
                0x080005d4                __irq_dma1_channel1
 .text.__irq_dma1_channel2
                0x080005e4       0x10 C:\Users\shuva\AppData\Local\Temp\arduino_build_392105\core\core.a(dma_f1.c.o)
                0x080005e4                __irq_dma1_channel2
 .text.__irq_dma1_channel3
                0x080005f4       0x10 C:\Users\shuva\AppData\Local\Temp\arduino_build_392105\core\core.a(dma_f1.c.o)
                0x080005f4                __irq_dma1_channel3
 .text.__irq_dma1_channel4
                0x08000604       0x10 C:\Users\shuva\AppData\Local\Temp\arduino_build_392105\core\core.a(dma_f1.c.o)
                0x08000604                __irq_dma1_channel4
 .text.__irq_dma1_channel5
                0x08000614       0x10 C:\Users\shuva\AppData\Local\Temp\arduino_build_392105\core\core.a(dma_f1.c.o)
                0x08000614                __irq_dma1_channel5
 .text.__irq_dma1_channel6
                0x08000624       0x10 C:\Users\shuva\AppData\Local\Temp\arduino_build_392105\core\core.a(dma_f1.c.o)
                0x08000624                __irq_dma1_channel6
 .text.__irq_dma1_channel7
                0x08000634       0x10 C:\Users\shuva\AppData\Local\Temp\arduino_build_392105\core\core.a(dma_f1.c.o)
                0x08000634                __irq_dma1_channel7
 .text.dispatch_single_exti
                0x08000644       0x2c C:\Users\shuva\AppData\Local\Temp\arduino_build_392105\core\core.a(exti.c.o)
                0x08000644                dispatch_single_exti
 .text.dispatch_extis
                0x08000670       0x4c C:\Users\shuva\AppData\Local\Temp\arduino_build_392105\core\core.a(exti.c.o)
                0x08000670                dispatch_extis
 .text.__irq_exti0
                0x080006bc        0x6 C:\Users\shuva\AppData\Local\Temp\arduino_build_392105\core\core.a(exti.c.o)
                0x080006bc                __irq_exti0
 .text.__irq_exti1
                0x080006c2        0x6 C:\Users\shuva\AppData\Local\Temp\arduino_build_392105\core\core.a(exti.c.o)
                0x080006c2                __irq_exti1
 .text.__irq_exti2
                0x080006c8        0x6 C:\Users\shuva\AppData\Local\Temp\arduino_build_392105\core\core.a(exti.c.o)
                0x080006c8                __irq_exti2
 .text.__irq_exti3
                0x080006ce        0x6 C:\Users\shuva\AppData\Local\Temp\arduino_build_392105\core\core.a(exti.c.o)
                0x080006ce                __irq_exti3
 .text.__irq_exti4
                0x080006d4        0x6 C:\Users\shuva\AppData\Local\Temp\arduino_build_392105\core\core.a(exti.c.o)
                0x080006d4                __irq_exti4
 .text.__irq_exti9_5
                0x080006da        0x8 C:\Users\shuva\AppData\Local\Temp\arduino_build_392105\core\core.a(exti.c.o)
                0x080006da                __irq_exti9_5
 .text.__irq_exti15_10
                0x080006e2        0x8 C:\Users\shuva\AppData\Local\Temp\arduino_build_392105\core\core.a(exti.c.o)
                0x080006e2                __irq_exti15_10
 *fill*         0x080006ea        0x2 
 .text.flash_set_latency
                0x080006ec       0x14 C:\Users\shuva\AppData\Local\Temp\arduino_build_392105\core\core.a(flash.c.o)
                0x080006ec                flash_set_latency
 .text.gpio_init_all
                0x08000700       0x30 C:\Users\shuva\AppData\Local\Temp\arduino_build_392105\core\core.a(gpio_f1.c.o)
                0x08000700                gpio_init_all
 .text.gpio_set_mode
                0x08000730       0x50 C:\Users\shuva\AppData\Local\Temp\arduino_build_392105\core\core.a(gpio_f1.c.o)
                0x08000730                gpio_set_mode
 .text.afio_init
                0x08000780       0x12 C:\Users\shuva\AppData\Local\Temp\arduino_build_392105\core\core.a(gpio_f1.c.o)
                0x08000780                afio_init
 *fill*         0x08000792        0x2 
 .text.__irq_i2c1_ev
                0x08000794        0xc C:\Users\shuva\AppData\Local\Temp\arduino_build_392105\core\core.a(i2c_f1.c.o)
                0x08000794                __irq_i2c1_ev
 .text.__irq_i2c2_ev
                0x080007a0        0xc C:\Users\shuva\AppData\Local\Temp\arduino_build_392105\core\core.a(i2c_f1.c.o)
                0x080007a0                __irq_i2c2_ev
 .text.__irq_i2c1_er
                0x080007ac        0xc C:\Users\shuva\AppData\Local\Temp\arduino_build_392105\core\core.a(i2c_f1.c.o)
                0x080007ac                __irq_i2c1_er
 .text.__irq_i2c2_er
                0x080007b8        0xc C:\Users\shuva\AppData\Local\Temp\arduino_build_392105\core\core.a(i2c_f1.c.o)
                0x080007b8                __irq_i2c2_er
 .text.nvic_irq_set_priority
                0x080007c4       0x28 C:\Users\shuva\AppData\Local\Temp\arduino_build_392105\core\core.a(nvic.c.o)
                0x080007c4                nvic_irq_set_priority
 .text.nvic_init
                0x080007ec       0x30 C:\Users\shuva\AppData\Local\Temp\arduino_build_392105\core\core.a(nvic.c.o)
                0x080007ec                nvic_init
 .text.nvic_sys_reset
                0x0800081c       0x1c C:\Users\shuva\AppData\Local\Temp\arduino_build_392105\core\core.a(nvic.c.o)
                0x0800081c                nvic_sys_reset
 .text.rcc_dev_clk
                0x08000838        0xc C:\Users\shuva\AppData\Local\Temp\arduino_build_392105\core\core.a(rcc.c.o)
                0x08000838                rcc_dev_clk
 .text.rcc_switch_sysclk
                0x08000844       0x20 C:\Users\shuva\AppData\Local\Temp\arduino_build_392105\core\core.a(rcc.c.o)
                0x08000844                rcc_switch_sysclk
 .text.rcc_turn_on_clk
                0x08000864       0x1a C:\Users\shuva\AppData\Local\Temp\arduino_build_392105\core\core.a(rcc.c.o)
                0x08000864                rcc_turn_on_clk
 .text.rcc_turn_off_clk
                0x0800087e       0x1c C:\Users\shuva\AppData\Local\Temp\arduino_build_392105\core\core.a(rcc.c.o)
                0x0800087e                rcc_turn_off_clk
 .text.rcc_is_clk_ready
                0x0800089a       0x18 C:\Users\shuva\AppData\Local\Temp\arduino_build_392105\core\core.a(rcc.c.o)
                0x0800089a                rcc_is_clk_ready
 *fill*         0x080008b2        0x2 
 .text.rcc_configure_pll
                0x080008b4       0x18 C:\Users\shuva\AppData\Local\Temp\arduino_build_392105\core\core.a(rcc_f1.c.o)
                0x080008b4                rcc_configure_pll
 .text.rcc_clk_enable
                0x080008cc       0x30 C:\Users\shuva\AppData\Local\Temp\arduino_build_392105\core\core.a(rcc_f1.c.o)
                0x080008cc                rcc_clk_enable
 .text.rcc_reset_dev
                0x080008fc       0x34 C:\Users\shuva\AppData\Local\Temp\arduino_build_392105\core\core.a(rcc_f1.c.o)
                0x080008fc                rcc_reset_dev
 .text.rcc_set_prescaler
                0x08000930       0x20 C:\Users\shuva\AppData\Local\Temp\arduino_build_392105\core\core.a(rcc_f1.c.o)
                0x08000930                rcc_set_prescaler
 .text.rcc_clk_disable
                0x08000950       0x30 C:\Users\shuva\AppData\Local\Temp\arduino_build_392105\core\core.a(rcc_f1.c.o)
                0x08000950                rcc_clk_disable
 .text.systick_init
                0x08000980       0x10 C:\Users\shuva\AppData\Local\Temp\arduino_build_392105\core\core.a(systick.c.o)
                0x08000980                systick_init
 .text.__exc_systick
                0x08000990       0x1c C:\Users\shuva\AppData\Local\Temp\arduino_build_392105\core\core.a(systick.c.o)
                0x08000990                __exc_systick
 .text.timer_oc_set_mode
                0x080009ac       0x3a C:\Users\shuva\AppData\Local\Temp\arduino_build_392105\core\core.a(timer.c.o)
 .text.dispatch_general
                0x080009e6       0x66 C:\Users\shuva\AppData\Local\Temp\arduino_build_392105\core\core.a(timer.c.o)
 .text.timer_cc_enable
                0x08000a4c       0x1c C:\Users\shuva\AppData\Local\Temp\arduino_build_392105\core\core.a(timer.c.o)
 .text.timer_foreach
                0x08000a68       0x28 C:\Users\shuva\AppData\Local\Temp\arduino_build_392105\core\core.a(timer.c.o)
                0x08000a68                timer_foreach
 .text.timer_init
                0x08000a90       0x14 C:\Users\shuva\AppData\Local\Temp\arduino_build_392105\core\core.a(timer.c.o)
                0x08000a90                timer_init
 .text.timer_has_cc_channel
                0x08000aa4       0x30 C:\Users\shuva\AppData\Local\Temp\arduino_build_392105\core\core.a(timer.c.o)
                0x08000aa4                timer_has_cc_channel
 .text.timer_detach_interrupt
                0x08000ad4       0x1e C:\Users\shuva\AppData\Local\Temp\arduino_build_392105\core\core.a(timer.c.o)
                0x08000ad4                timer_detach_interrupt
 .text.input_capture_mode
                0x08000af2       0x1a C:\Users\shuva\AppData\Local\Temp\arduino_build_392105\core\core.a(timer.c.o)
                0x08000af2                input_capture_mode
 .text.timer_set_mode
                0x08000b0c       0x8c C:\Users\shuva\AppData\Local\Temp\arduino_build_392105\core\core.a(timer.c.o)
                0x08000b0c                timer_set_mode
 .text.__irq_tim1_brk
                0x08000b98       0x24 C:\Users\shuva\AppData\Local\Temp\arduino_build_392105\core\core.a(timer.c.o)
                0x08000b98                __irq_tim1_brk
 .text.__irq_tim1_up
                0x08000bbc       0x24 C:\Users\shuva\AppData\Local\Temp\arduino_build_392105\core\core.a(timer.c.o)
                0x08000bbc                __irq_tim1_up
 .text.__irq_tim1_trg_com
                0x08000be0       0x34 C:\Users\shuva\AppData\Local\Temp\arduino_build_392105\core\core.a(timer.c.o)
                0x08000be0                __irq_tim1_trg_com
 .text.__irq_tim1_cc
                0x08000c14       0x50 C:\Users\shuva\AppData\Local\Temp\arduino_build_392105\core\core.a(timer.c.o)
                0x08000c14                __irq_tim1_cc
 .text.__irq_tim2
                0x08000c64        0xc C:\Users\shuva\AppData\Local\Temp\arduino_build_392105\core\core.a(timer.c.o)
                0x08000c64                __irq_tim2
 .text.__irq_tim3
                0x08000c70        0xc C:\Users\shuva\AppData\Local\Temp\arduino_build_392105\core\core.a(timer.c.o)
                0x08000c70                __irq_tim3
 .text.__irq_tim4
                0x08000c7c        0xc C:\Users\shuva\AppData\Local\Temp\arduino_build_392105\core\core.a(timer.c.o)
                0x08000c7c                __irq_tim4
 .text.usart_irq
                0x08000c88       0xc8 C:\Users\shuva\AppData\Local\Temp\arduino_build_392105\core\core.a(usart_f1.c.o)
 .text.__irq_usart1
                0x08000d50       0x18 C:\Users\shuva\AppData\Local\Temp\arduino_build_392105\core\core.a(usart_f1.c.o)
                0x08000d50                __irq_usart1
 .text.__irq_usart2
                0x08000d68       0x18 C:\Users\shuva\AppData\Local\Temp\arduino_build_392105\core\core.a(usart_f1.c.o)
                0x08000d68                __irq_usart2
 .text.__irq_usart3
                0x08000d80       0x18 C:\Users\shuva\AppData\Local\Temp\arduino_build_392105\core\core.a(usart_f1.c.o)
                0x08000d80                __irq_usart3
 .text.usb_resume
                0x08000d98       0xb4 C:\Users\shuva\AppData\Local\Temp\arduino_build_392105\core\core.a(usb.c.o)
 .text.usb_init_usblib
                0x08000e4c       0x48 C:\Users\shuva\AppData\Local\Temp\arduino_build_392105\core\core.a(usb.c.o)
                0x08000e4c                usb_init_usblib
 .text.__irq_usb_lp_can_rx0
                0x08000e94      0x1c8 C:\Users\shuva\AppData\Local\Temp\arduino_build_392105\core\core.a(usb.c.o)
                0x08000e94                __irq_usb_lp_can_rx0
 .text.usb_set_ep_rx_stat
                0x0800105c       0x22 C:\Users\shuva\AppData\Local\Temp\arduino_build_392105\core\core.a(usb_cdcacm.c.o)
 *fill*         0x0800107e        0x2 
 .text.vcomGetSetLineCoding
                0x08001080       0x18 C:\Users\shuva\AppData\Local\Temp\arduino_build_392105\core\core.a(usb_cdcacm.c.o)
 .text.usbDataSetup
                0x08001098       0x54 C:\Users\shuva\AppData\Local\Temp\arduino_build_392105\core\core.a(usb_cdcacm.c.o)
 .text.usbNoDataSetup
                0x080010ec       0x50 C:\Users\shuva\AppData\Local\Temp\arduino_build_392105\core\core.a(usb_cdcacm.c.o)
 .text.usbGetInterfaceSetting
                0x0800113c       0x10 C:\Users\shuva\AppData\Local\Temp\arduino_build_392105\core\core.a(usb_cdcacm.c.o)
 .text.usbSetConfiguration
                0x0800114c       0x1c C:\Users\shuva\AppData\Local\Temp\arduino_build_392105\core\core.a(usb_cdcacm.c.o)
 .text.usbSetDeviceAddress
                0x08001168       0x10 C:\Users\shuva\AppData\Local\Temp\arduino_build_392105\core\core.a(usb_cdcacm.c.o)
 .text.usbGetStringDescriptor
                0x08001178       0x20 C:\Users\shuva\AppData\Local\Temp\arduino_build_392105\core\core.a(usb_cdcacm.c.o)
 .text.usbGetConfigDescriptor
                0x08001198        0xc C:\Users\shuva\AppData\Local\Temp\arduino_build_392105\core\core.a(usb_cdcacm.c.o)
 .text.usbGetDeviceDescriptor
                0x080011a4        0xc C:\Users\shuva\AppData\Local\Temp\arduino_build_392105\core\core.a(usb_cdcacm.c.o)
 .text.usbInit  0x080011b0       0x44 C:\Users\shuva\AppData\Local\Temp\arduino_build_392105\core\core.a(usb_cdcacm.c.o)
 .text.vcomDataTxCb
                0x080011f4       0xa0 C:\Users\shuva\AppData\Local\Temp\arduino_build_392105\core\core.a(usb_cdcacm.c.o)
 .text.usbReset
                0x08001294      0x160 C:\Users\shuva\AppData\Local\Temp\arduino_build_392105\core\core.a(usb_cdcacm.c.o)
 .text.vcomDataRxCb
                0x080013f4       0x7c C:\Users\shuva\AppData\Local\Temp\arduino_build_392105\core\core.a(usb_cdcacm.c.o)
 .text.usb_cdcacm_set_hooks
                0x08001470       0x1c C:\Users\shuva\AppData\Local\Temp\arduino_build_392105\core\core.a(usb_cdcacm.c.o)
                0x08001470                usb_cdcacm_set_hooks
 .text.usb_cdcacm_enable
                0x0800148c       0x38 C:\Users\shuva\AppData\Local\Temp\arduino_build_392105\core\core.a(usb_cdcacm.c.o)
                0x0800148c                usb_cdcacm_enable
 .text.usb_cdcacm_tx
                0x080014c4       0x60 C:\Users\shuva\AppData\Local\Temp\arduino_build_392105\core\core.a(usb_cdcacm.c.o)
                0x080014c4                usb_cdcacm_tx
 .text.usb_cdcacm_data_available
                0x08001524       0x18 C:\Users\shuva\AppData\Local\Temp\arduino_build_392105\core\core.a(usb_cdcacm.c.o)
                0x08001524                usb_cdcacm_data_available
 .text.usb_cdcacm_peek
                0x0800153c       0x38 C:\Users\shuva\AppData\Local\Temp\arduino_build_392105\core\core.a(usb_cdcacm.c.o)
                0x0800153c                usb_cdcacm_peek
 .text.usb_cdcacm_rx
                0x08001574       0x34 C:\Users\shuva\AppData\Local\Temp\arduino_build_392105\core\core.a(usb_cdcacm.c.o)
                0x08001574                usb_cdcacm_rx
 .text.usb_cdcacm_peek_ex
                0x080015a8       0x3c C:\Users\shuva\AppData\Local\Temp\arduino_build_392105\core\core.a(usb_cdcacm.c.o)
                0x080015a8                usb_cdcacm_peek_ex
 .text.usb_cdcacm_get_dtr
                0x080015e4       0x10 C:\Users\shuva\AppData\Local\Temp\arduino_build_392105\core\core.a(usb_cdcacm.c.o)
                0x080015e4                usb_cdcacm_get_dtr
 .text.usb_set_ep_rx_count
                0x080015f4       0x4c C:\Users\shuva\AppData\Local\Temp\arduino_build_392105\core\core.a(usb_reg_map.c.o)
                0x080015f4                usb_set_ep_rx_count
 .text.Standard_GetConfiguration
                0x08001640       0x24 C:\Users\shuva\AppData\Local\Temp\arduino_build_392105\core\core.a(usb_core.c.o)
                0x08001640                Standard_GetConfiguration
 .text.Standard_GetInterface
                0x08001664       0x24 C:\Users\shuva\AppData\Local\Temp\arduino_build_392105\core\core.a(usb_core.c.o)
                0x08001664                Standard_GetInterface
 .text.Standard_GetStatus
                0x08001688       0x90 C:\Users\shuva\AppData\Local\Temp\arduino_build_392105\core\core.a(usb_core.c.o)
                0x08001688                Standard_GetStatus
 .text.DataStageIn
                0x08001718       0xa8 C:\Users\shuva\AppData\Local\Temp\arduino_build_392105\core\core.a(usb_core.c.o)
 .text.Standard_SetConfiguration
                0x080017c0       0x38 C:\Users\shuva\AppData\Local\Temp\arduino_build_392105\core\core.a(usb_core.c.o)
                0x080017c0                Standard_SetConfiguration
 .text.Standard_SetInterface
                0x080017f8       0x48 C:\Users\shuva\AppData\Local\Temp\arduino_build_392105\core\core.a(usb_core.c.o)
                0x080017f8                Standard_SetInterface
 .text.Standard_ClearFeature
                0x08001840       0xd0 C:\Users\shuva\AppData\Local\Temp\arduino_build_392105\core\core.a(usb_core.c.o)
                0x08001840                Standard_ClearFeature
 .text.Standard_SetEndPointFeature
                0x08001910       0x84 C:\Users\shuva\AppData\Local\Temp\arduino_build_392105\core\core.a(usb_core.c.o)
                0x08001910                Standard_SetEndPointFeature
 .text.Standard_SetDeviceFeature
                0x08001994       0x24 C:\Users\shuva\AppData\Local\Temp\arduino_build_392105\core\core.a(usb_core.c.o)
                0x08001994                Standard_SetDeviceFeature
 .text.Standard_GetDescriptorData
                0x080019b8       0x1c C:\Users\shuva\AppData\Local\Temp\arduino_build_392105\core\core.a(usb_core.c.o)
                0x080019b8                Standard_GetDescriptorData
 .text.Post0_Process
                0x080019d4       0x40 C:\Users\shuva\AppData\Local\Temp\arduino_build_392105\core\core.a(usb_core.c.o)
                0x080019d4                Post0_Process
 .text.Setup0_Process
                0x08001a14      0x2d0 C:\Users\shuva\AppData\Local\Temp\arduino_build_392105\core\core.a(usb_core.c.o)
                0x08001a14                Setup0_Process
 .text.Out0_Process
                0x08001ce4       0xc8 C:\Users\shuva\AppData\Local\Temp\arduino_build_392105\core\core.a(usb_core.c.o)
                0x08001ce4                Out0_Process
 .text.SetDeviceAddress
                0x08001dac       0x38 C:\Users\shuva\AppData\Local\Temp\arduino_build_392105\core\core.a(usb_core.c.o)
                0x08001dac                SetDeviceAddress
 .text.In0_Process
                0x08001de4       0x5c C:\Users\shuva\AppData\Local\Temp\arduino_build_392105\core\core.a(usb_core.c.o)
                0x08001de4                In0_Process
 .text.NOP_Process
                0x08001e40        0x2 C:\Users\shuva\AppData\Local\Temp\arduino_build_392105\core\core.a(usb_core.c.o)
                0x08001e40                NOP_Process
 .text.UserToPMABufferCopy
                0x08001e42       0x30 C:\Users\shuva\AppData\Local\Temp\arduino_build_392105\core\core.a(usb_mem.c.o)
                0x08001e42                UserToPMABufferCopy
 .text.PMAToUserBufferCopy
                0x08001e72       0x32 C:\Users\shuva\AppData\Local\Temp\arduino_build_392105\core\core.a(usb_mem.c.o)
                0x08001e72                PMAToUserBufferCopy
 .text.SetEPTxStatus
                0x08001ea4       0x2a C:\Users\shuva\AppData\Local\Temp\arduino_build_392105\core\core.a(usb_regs.c.o)
                0x08001ea4                SetEPTxStatus
 .text.ClearDTOG_RX
                0x08001ece       0x20 C:\Users\shuva\AppData\Local\Temp\arduino_build_392105\core\core.a(usb_regs.c.o)
                0x08001ece                ClearDTOG_RX
 .text.ClearDTOG_TX
                0x08001eee       0x20 C:\Users\shuva\AppData\Local\Temp\arduino_build_392105\core\core.a(usb_regs.c.o)
                0x08001eee                ClearDTOG_TX
 *fill*         0x08001f0e        0x2 
 .text.GetEPTxAddr
                0x08001f10       0x1c C:\Users\shuva\AppData\Local\Temp\arduino_build_392105\core\core.a(usb_regs.c.o)
                0x08001f10                GetEPTxAddr
 .text.GetEPRxAddr
                0x08001f2c       0x1c C:\Users\shuva\AppData\Local\Temp\arduino_build_392105\core\core.a(usb_regs.c.o)
                0x08001f2c                GetEPRxAddr
 .text.SetEPTxCount
                0x08001f48       0x1c C:\Users\shuva\AppData\Local\Temp\arduino_build_392105\core\core.a(usb_regs.c.o)
                0x08001f48                SetEPTxCount
 .text.SetEPRxCount
                0x08001f64       0x40 C:\Users\shuva\AppData\Local\Temp\arduino_build_392105\core\core.a(usb_regs.c.o)
                0x08001f64                SetEPRxCount
 .text.throb    0x08001fa4       0x4c C:\Users\shuva\AppData\Local\Temp\arduino_build_392105\core\core.a(util.c.o)
                0x08001fa4                throb
 .text.__error  0x08001ff0       0x14 C:\Users\shuva\AppData\Local\Temp\arduino_build_392105\core\core.a(util.c.o)
                0x08001ff0                __error
 .text.rb_full_count
                0x08002004       0x22 C:\Users\shuva\AppData\Local\Temp\arduino_build_392105\core\core.a(HardwareSerial.cpp.o)
 .text._ZN14HardwareSerial4readEv
                0x08002026       0x3a C:\Users\shuva\AppData\Local\Temp\arduino_build_392105\core\core.a(HardwareSerial.cpp.o)
                0x08002026                HardwareSerial::read()
 .text._ZN14HardwareSerial9availableEv
                0x08002060        0xc C:\Users\shuva\AppData\Local\Temp\arduino_build_392105\core\core.a(HardwareSerial.cpp.o)
                0x08002060                HardwareSerial::available()
 .text._ZN14HardwareSerial4peekEv
                0x0800206c       0x22 C:\Users\shuva\AppData\Local\Temp\arduino_build_392105\core\core.a(HardwareSerial.cpp.o)
                0x0800206c                HardwareSerial::peek()
 .text._ZN14HardwareSerial5flushEv
                0x0800208e       0x1a C:\Users\shuva\AppData\Local\Temp\arduino_build_392105\core\core.a(HardwareSerial.cpp.o)
                0x0800208e                HardwareSerial::flush()
 .text._ZN14HardwareSerial5writeEh
                0x080020a8       0x1e C:\Users\shuva\AppData\Local\Temp\arduino_build_392105\core\core.a(HardwareSerial.cpp.o)
                0x080020a8                HardwareSerial::write(unsigned char)
 *fill*         0x080020c6        0x2 
 .text._ZN14HardwareSerialC2EP9usart_devhh
                0x080020c8       0x1c C:\Users\shuva\AppData\Local\Temp\arduino_build_392105\core\core.a(HardwareSerial.cpp.o)
                0x080020c8                HardwareSerial::HardwareSerial(usart_dev*, unsigned char, unsigned char)
                0x080020c8                HardwareSerial::HardwareSerial(usart_dev*, unsigned char, unsigned char)
 .text._ZN5Print5writeEPKvm
                0x080020e4       0x20 C:\Users\shuva\AppData\Local\Temp\arduino_build_392105\core\core.a(Print.cpp.o)
                0x080020e4                Print::write(void const*, unsigned long)
 .text._ZN5Print5writeEPKc
                0x08002104       0x1e C:\Users\shuva\AppData\Local\Temp\arduino_build_392105\core\core.a(Print.cpp.o)
                0x08002104                Print::write(char const*)
 .text.startup._Z7premainv
                0x08002122        0x4 C:\Users\shuva\AppData\Local\Temp\arduino_build_392105\core\core.a(main.cpp.o)
                0x08002122                premain()
 .text.startup.main
                0x08002126        0xc C:\Users\shuva\AppData\Local\Temp\arduino_build_392105\core\core.a(main.cpp.o)
                0x08002126                main
 *fill*         0x08002132        0x2 
 .text._Z7pinModeh13WiringPinMode
                0x08002134       0x84 C:\Users\shuva\AppData\Local\Temp\arduino_build_392105\core\core.a(wirish_digital_f1.cpp.o)
                0x08002134                pinMode(unsigned char, WiringPinMode)
 .text._ZN9USBSerial9availableEv
                0x080021b8        0x4 C:\Users\shuva\AppData\Local\Temp\arduino_build_392105\core\core.a(usb_serial.cpp.o)
                0x080021b8                USBSerial::available()
 .text._ZN9USBSerial4peekEv
                0x080021bc       0x1e C:\Users\shuva\AppData\Local\Temp\arduino_build_392105\core\core.a(usb_serial.cpp.o)
                0x080021bc                USBSerial::peek()
 .text._ZN9USBSerial4readEv
                0x080021da       0x1e C:\Users\shuva\AppData\Local\Temp\arduino_build_392105\core\core.a(usb_serial.cpp.o)
                0x080021da                USBSerial::read()
 .text._ZL14ifaceSetupHookjPv
                0x080021f8       0x38 C:\Users\shuva\AppData\Local\Temp\arduino_build_392105\core\core.a(usb_serial.cpp.o)
 .text._ZL6rxHookjPv
                0x08002230       0x6c C:\Users\shuva\AppData\Local\Temp\arduino_build_392105\core\core.a(usb_serial.cpp.o)
 .text._ZN9USBSerialC2Ev
                0x0800229c       0x14 C:\Users\shuva\AppData\Local\Temp\arduino_build_392105\core\core.a(usb_serial.cpp.o)
                0x0800229c                USBSerial::USBSerial()
                0x0800229c                USBSerial::USBSerial()
 .text._ZN9USBSerial5beginEv
                0x080022b0       0x34 C:\Users\shuva\AppData\Local\Temp\arduino_build_392105\core\core.a(usb_serial.cpp.o)
                0x080022b0                USBSerial::begin()
 .text._ZN9USBSerial5writeEPKhm
                0x080022e4       0x4c C:\Users\shuva\AppData\Local\Temp\arduino_build_392105\core\core.a(usb_serial.cpp.o)
                0x080022e4                USBSerial::write(unsigned char const*, unsigned long)
 .text._ZN9USBSerial5writeEh
                0x08002330       0x16 C:\Users\shuva\AppData\Local\Temp\arduino_build_392105\core\core.a(usb_serial.cpp.o)
                0x08002330                USBSerial::write(unsigned char)
 .text._ZN9USBSerial5writeEPKc
                0x08002346       0x1a C:\Users\shuva\AppData\Local\Temp\arduino_build_392105\core\core.a(usb_serial.cpp.o)
                0x08002346                USBSerial::write(char const*)
 .text._ZN9USBSerial4readEPhm
                0x08002360       0x1c C:\Users\shuva\AppData\Local\Temp\arduino_build_392105\core\core.a(usb_serial.cpp.o)
                0x08002360                USBSerial::read(unsigned char*, unsigned long)
 .text._ZN9USBSerial5flushEv
                0x0800237c       0x1c C:\Users\shuva\AppData\Local\Temp\arduino_build_392105\core\core.a(usb_serial.cpp.o)
                0x0800237c                USBSerial::flush()
 .text.startup._GLOBAL__sub_I__ZN9USBSerial9_hasBegunE
                0x08002398        0xc C:\Users\shuva\AppData\Local\Temp\arduino_build_392105\core\core.a(usb_serial.cpp.o)
 .text._Z12digitalWritehh
                0x080023a4       0x2c C:\Users\shuva\AppData\Local\Temp\arduino_build_392105\core\core.a(wirish_digital.cpp.o)
                0x080023a4                digitalWrite(unsigned char, unsigned char)
 .text.micros   0x080023d0       0x34 C:\Users\shuva\AppData\Local\Temp\arduino_build_392105\core\core.a(wirish_time.cpp.o)
 .text.delay    0x08002404       0x2a C:\Users\shuva\AppData\Local\Temp\arduino_build_392105\core\core.a(wirish_time.cpp.o)
                0x08002404                delay
 .text.__empty  0x0800242e        0x2 C:\Users\shuva\AppData\Local\Temp\arduino_build_392105\core\core.a(hooks.c.o)
                0x0800242e                yield
 .text.bkp_init
                0x08002430       0x18 C:\Users\shuva\AppData\Local\Temp\arduino_build_392105\core\core.a(bkp_f1.c.o)
                0x08002430                bkp_init
 .text.bkp_enable_writes
                0x08002448        0xc C:\Users\shuva\AppData\Local\Temp\arduino_build_392105\core\core.a(bkp_f1.c.o)
                0x08002448                bkp_enable_writes
 .text.bkp_disable_writes
                0x08002454        0xc C:\Users\shuva\AppData\Local\Temp\arduino_build_392105\core\core.a(bkp_f1.c.o)
                0x08002454                bkp_disable_writes
 .text.bkp_write
                0x08002460       0x16 C:\Users\shuva\AppData\Local\Temp\arduino_build_392105\core\core.a(bkp_f1.c.o)
                0x08002460                bkp_write
 .text.gpio_init
                0x08002476       0x14 C:\Users\shuva\AppData\Local\Temp\arduino_build_392105\core\core.a(gpio.c.o)
                0x08002476                gpio_init
 .text.i2c_disable_irq
                0x0800248a        0xc C:\Users\shuva\AppData\Local\Temp\arduino_build_392105\core\core.a(i2c.c.o)
 *fill*         0x08002496        0x2 
 .text._i2c_irq_handler
                0x08002498      0x3d8 C:\Users\shuva\AppData\Local\Temp\arduino_build_392105\core\core.a(i2c.c.o)
                0x08002498                _i2c_irq_handler
 .text._i2c_irq_error_handler
                0x08002870       0x74 C:\Users\shuva\AppData\Local\Temp\arduino_build_392105\core\core.a(i2c.c.o)
                0x08002870                _i2c_irq_error_handler
 .text.usart_tx
                0x080028e4       0x9c C:\Users\shuva\AppData\Local\Temp\arduino_build_392105\core\core.a(usart.c.o)
                0x080028e4                usart_tx
 .text.__libc_init_array
                0x08002980       0x4c c:/users/shuva/appdata/local/arduino15/packages/arduino/tools/arm-none-eabi-gcc/4.8.3-2014q1/bin/../lib/gcc/arm-none-eabi/4.8.3/../../../../arm-none-eabi/lib/armv7-m\libc_s.a(lib_a-init.o)
                0x08002980                __libc_init_array
 .text.strlen   0x080029cc       0x10 c:/users/shuva/appdata/local/arduino15/packages/arduino/tools/arm-none-eabi-gcc/4.8.3-2014q1/bin/../lib/gcc/arm-none-eabi/4.8.3/../../../../arm-none-eabi/lib/armv7-m\libc_s.a(lib_a-strlen.o)
                0x080029cc                strlen
 *(.plt)
 *(.gnu.warning)
 *(.glue_7t)
 .glue_7t       0x00000000        0x0 linker stubs
 *(.glue_7)
 .glue_7        0x00000000        0x0 linker stubs
 *(.vfp11_veneer)
 .vfp11_veneer  0x00000000        0x0 linker stubs
 *(.ARM.extab* .gnu.linkonce.armextab.*)
 *(.gcc_except_table)
 *(.eh_frame_hdr)
 *(.eh_frame)
 .eh_frame      0x080029dc        0x0 c:/users/shuva/appdata/local/arduino15/packages/arduino/tools/arm-none-eabi-gcc/4.8.3-2014q1/bin/../lib/gcc/arm-none-eabi/4.8.3/armv7-m/crtbegin.o
                0x080029dc                . = ALIGN (0x4)
 *(.init)
 .init          0x080029dc        0x4 c:/users/shuva/appdata/local/arduino15/packages/arduino/tools/arm-none-eabi-gcc/4.8.3-2014q1/bin/../lib/gcc/arm-none-eabi/4.8.3/armv7-m/crti.o
                0x080029dc                _init
 .init          0x080029e0        0x8 c:/users/shuva/appdata/local/arduino15/packages/arduino/tools/arm-none-eabi-gcc/4.8.3-2014q1/bin/../lib/gcc/arm-none-eabi/4.8.3/armv7-m/crtn.o
                0x080029e8                . = ALIGN (0x4)
                0x080029e8                __preinit_array_start = .
 *(.preinit_array)
                0x080029e8                __preinit_array_end = .
                0x080029e8                . = ALIGN (0x4)
                0x080029e8                __init_array_start = .
 *(SORT(.init_array.*))
 .init_array.00101
                0x080029e8        0x4 C:\Users\shuva\AppData\Local\Temp\arduino_build_392105\core\core.a(main.cpp.o)
 *(.init_array)
 .init_array    0x080029ec        0x4 c:/users/shuva/appdata/local/arduino15/packages/arduino/tools/arm-none-eabi-gcc/4.8.3-2014q1/bin/../lib/gcc/arm-none-eabi/4.8.3/armv7-m/crtbegin.o
 .init_array    0x080029f0        0x4 C:\Users\shuva\AppData\Local\Temp\arduino_build_392105\core\board.cpp.o
 .init_array    0x080029f4        0x4 C:\Users\shuva\AppData\Local\Temp\arduino_build_392105\core\core.a(usb_serial.cpp.o)
                0x080029f8                __init_array_end = .
                0x080029f8                . = ALIGN (0x4)
 *crtbegin.o(.ctors)
 *(EXCLUDE_FILE(*crtend.o) .ctors)
 *(SORT(.ctors.*))
 *crtend.o(.ctors)
                0x080029f8                . = ALIGN (0x4)
 *(.fini)
 .fini          0x080029f8        0x4 c:/users/shuva/appdata/local/arduino15/packages/arduino/tools/arm-none-eabi-gcc/4.8.3-2014q1/bin/../lib/gcc/arm-none-eabi/4.8.3/armv7-m/crti.o
                0x080029f8                _fini
 .fini          0x080029fc        0x8 c:/users/shuva/appdata/local/arduino15/packages/arduino/tools/arm-none-eabi-gcc/4.8.3-2014q1/bin/../lib/gcc/arm-none-eabi/4.8.3/armv7-m/crtn.o
                0x08002a04                . = ALIGN (0x4)
                0x08002a04                __fini_array_start = .
 *(.fini_array)
 .fini_array    0x08002a04        0x4 c:/users/shuva/appdata/local/arduino15/packages/arduino/tools/arm-none-eabi-gcc/4.8.3-2014q1/bin/../lib/gcc/arm-none-eabi/4.8.3/armv7-m/crtbegin.o
 *(SORT(.fini_array.*))
                0x08002a08                __fini_array_end = .
 *crtbegin.o(.dtors)
 *(EXCLUDE_FILE(*crtend.o) .dtors)
 *(SORT(.dtors.*))
 *crtend.o(.dtors)

.v4_bx          0x08002a08        0x0
 .v4_bx         0x00000000        0x0 linker stubs

.iplt           0x08002a08        0x0
 .iplt          0x00000000        0x0 c:/users/shuva/appdata/local/arduino15/packages/arduino/tools/arm-none-eabi-gcc/4.8.3-2014q1/bin/../lib/gcc/arm-none-eabi/4.8.3/armv7-m/crtbegin.o

.text.align     0x08002a08        0x0
                0x08002a08                . = ALIGN (0x8)
                0x08002a08                __text_end__ = .
                0x08002a08                __exidx_start = .

.ARM.exidx      0x08002a08        0x8
 *(.ARM.exidx* .gnu.linkonce.armexidx.*)
 .ARM.exidx     0x08002a08        0x8 C:\Users\shuva\AppData\Local\Temp\arduino_build_392105\core\wirish\start.S.o
                0x08002a10                __exidx_end = .

.data           0x20000000      0x468 load address 0x08002a10
                0x20000000                __data_start__ = .
                0x20000000        0x4 LONG 0x0
                0x20000008                . = ALIGN (0x8)
 *fill*         0x20000004        0x4 
 *(.got.plt)
 *(.got)
 *(.data .data.* .gnu.linkonce.d.*)
 .data._ZN6wirish4privL8pll_dataE
                0x20000008        0x4 C:\Users\shuva\AppData\Local\Temp\arduino_build_392105\core\wirish\boards_setup.cpp.o
 .data._ZN6wirish4priv9w_adc_smpE
                0x2000000c        0x1 C:\Users\shuva\AppData\Local\Temp\arduino_build_392105\core\wirish\boards_setup.cpp.o
                0x2000000c                wirish::priv::w_adc_smp
 *fill*         0x2000000d        0x1 
 .data._ZN6wirish4priv9w_adc_preE
                0x2000000e        0x2 C:\Users\shuva\AppData\Local\Temp\arduino_build_392105\core\wirish\boards_setup.cpp.o
                0x2000000e                wirish::priv::w_adc_pre
 .data._ZN6wirish4priv15w_board_pll_cfgE
                0x20000010        0x8 C:\Users\shuva\AppData\Local\Temp\arduino_build_392105\core\wirish\boards_setup.cpp.o
                0x20000010                wirish::priv::w_board_pll_cfg
 .data.adc2     0x20000018        0x8 C:\Users\shuva\AppData\Local\Temp\arduino_build_392105\core\core.a(adc_f1.c.o)
                0x20000018                adc2
 .data.adc1     0x20000020       0x18 C:\Users\shuva\AppData\Local\Temp\arduino_build_392105\core\core.a(adc_f1.c.o)
                0x20000020                adc1
 .data.ADC2     0x20000038        0x4 C:\Users\shuva\AppData\Local\Temp\arduino_build_392105\core\core.a(adc_f1.c.o)
                0x20000038                ADC2
 .data.ADC1     0x2000003c        0x4 C:\Users\shuva\AppData\Local\Temp\arduino_build_392105\core\core.a(adc_f1.c.o)
                0x2000003c                ADC1
 .data.dma1     0x20000040       0x40 C:\Users\shuva\AppData\Local\Temp\arduino_build_392105\core\core.a(dma_f1.c.o)
 .data.DMA1     0x20000080        0x4 C:\Users\shuva\AppData\Local\Temp\arduino_build_392105\core\core.a(dma_f1.c.o)
                0x20000080                DMA1
 .data.gpioa    0x20000084        0x8 C:\Users\shuva\AppData\Local\Temp\arduino_build_392105\core\core.a(gpio_f1.c.o)
                0x20000084                gpioa
 .data.gpiob    0x2000008c        0x8 C:\Users\shuva\AppData\Local\Temp\arduino_build_392105\core\core.a(gpio_f1.c.o)
                0x2000008c                gpiob
 .data.gpioc    0x20000094        0x8 C:\Users\shuva\AppData\Local\Temp\arduino_build_392105\core\core.a(gpio_f1.c.o)
                0x20000094                gpioc
 .data.gpiod    0x2000009c        0x8 C:\Users\shuva\AppData\Local\Temp\arduino_build_392105\core\core.a(gpio_f1.c.o)
                0x2000009c                gpiod
 .data.i2c1     0x200000a4       0x38 C:\Users\shuva\AppData\Local\Temp\arduino_build_392105\core\core.a(i2c_f1.c.o)
 .data.i2c2     0x200000dc       0x38 C:\Users\shuva\AppData\Local\Temp\arduino_build_392105\core\core.a(i2c_f1.c.o)
 .data.enable_regs.4411
                0x20000114        0xc C:\Users\shuva\AppData\Local\Temp\arduino_build_392105\core\core.a(rcc_f1.c.o)
 .data.reset_regs.4415
                0x20000120        0x8 C:\Users\shuva\AppData\Local\Temp\arduino_build_392105\core\core.a(rcc_f1.c.o)
 .data.enable_regs.4424
                0x20000128        0xc C:\Users\shuva\AppData\Local\Temp\arduino_build_392105\core\core.a(rcc_f1.c.o)
 .data.timer3   0x20000134       0x24 C:\Users\shuva\AppData\Local\Temp\arduino_build_392105\core\core.a(timer.c.o)
                0x20000134                timer3
 .data.timer4   0x20000158       0x24 C:\Users\shuva\AppData\Local\Temp\arduino_build_392105\core\core.a(timer.c.o)
                0x20000158                timer4
 .data.timer1   0x2000017c       0x28 C:\Users\shuva\AppData\Local\Temp\arduino_build_392105\core\core.a(timer.c.o)
                0x2000017c                timer1
 .data.timer2   0x200001a4       0x24 C:\Users\shuva\AppData\Local\Temp\arduino_build_392105\core\core.a(timer.c.o)
                0x200001a4                timer2
 .data.USART1   0x200001c8        0x4 C:\Users\shuva\AppData\Local\Temp\arduino_build_392105\core\core.a(usart_f1.c.o)
                0x200001c8                USART1
 .data.USART2   0x200001cc        0x4 C:\Users\shuva\AppData\Local\Temp\arduino_build_392105\core\core.a(usart_f1.c.o)
                0x200001cc                USART2
 .data.USART3   0x200001d0        0x4 C:\Users\shuva\AppData\Local\Temp\arduino_build_392105\core\core.a(usart_f1.c.o)
                0x200001d0                USART3
 .data.usart1   0x200001d4       0x94 C:\Users\shuva\AppData\Local\Temp\arduino_build_392105\core\core.a(usart_f1.c.o)
 .data.usart2   0x20000268       0x94 C:\Users\shuva\AppData\Local\Temp\arduino_build_392105\core\core.a(usart_f1.c.o)
 .data.usart3   0x200002fc       0x94 C:\Users\shuva\AppData\Local\Temp\arduino_build_392105\core\core.a(usart_f1.c.o)
 .data.USBLIB   0x20000390        0x4 C:\Users\shuva\AppData\Local\Temp\arduino_build_392105\core\core.a(usb.c.o)
                0x20000390                USBLIB
 .data.usblib   0x20000394       0x10 C:\Users\shuva\AppData\Local\Temp\arduino_build_392105\core\core.a(usb.c.o)
 .data.Config_Descriptor
                0x200003a4        0x8 C:\Users\shuva\AppData\Local\Temp\arduino_build_392105\core\core.a(usb_cdcacm.c.o)
 .data.Device_Property
                0x200003ac       0x30 C:\Users\shuva\AppData\Local\Temp\arduino_build_392105\core\core.a(usb_cdcacm.c.o)
                0x200003ac                Device_Property
 .data.ep_int_in
                0x200003dc       0x1c C:\Users\shuva\AppData\Local\Temp\arduino_build_392105\core\core.a(usb_cdcacm.c.o)
 .data.String_Descriptor
                0x200003f8       0x18 C:\Users\shuva\AppData\Local\Temp\arduino_build_392105\core\core.a(usb_cdcacm.c.o)
 .data.ep_int_out
                0x20000410       0x1c C:\Users\shuva\AppData\Local\Temp\arduino_build_392105\core\core.a(usb_cdcacm.c.o)
 .data.line_coding
                0x2000042c        0x7 C:\Users\shuva\AppData\Local\Temp\arduino_build_392105\core\core.a(usb_cdcacm.c.o)
 *fill*         0x20000433        0x1 
 .data.User_Standard_Requests
                0x20000434       0x24 C:\Users\shuva\AppData\Local\Temp\arduino_build_392105\core\core.a(usb_cdcacm.c.o)
                0x20000434                User_Standard_Requests
 .data.Device_Descriptor
                0x20000458        0x8 C:\Users\shuva\AppData\Local\Temp\arduino_build_392105\core\core.a(usb_cdcacm.c.o)
 .data.Device_Table
                0x20000460        0x2 C:\Users\shuva\AppData\Local\Temp\arduino_build_392105\core\core.a(usb_cdcacm.c.o)
                0x20000460                Device_Table
                0x20000468                . = ALIGN (0x8)
 *fill*         0x20000462        0x6 
                0x20000468                __data_end__ = .

.jcr            0x20000468        0x0 load address 0x08002e78
 .jcr           0x20000468        0x0 c:/users/shuva/appdata/local/arduino15/packages/arduino/tools/arm-none-eabi-gcc/4.8.3-2014q1/bin/../lib/gcc/arm-none-eabi/4.8.3/armv7-m/crtbegin.o

.igot.plt       0x20000468        0x0 load address 0x08002e78
 .igot.plt      0x00000000        0x0 c:/users/shuva/appdata/local/arduino15/packages/arduino/tools/arm-none-eabi-gcc/4.8.3-2014q1/bin/../lib/gcc/arm-none-eabi/4.8.3/armv7-m/crtbegin.o

.rodata         0x08002e78      0x374
 *(.rodata .rodata.* .gnu.linkonce.r.*)
 .rodata.PIN_MAP
                0x08002e78      0x230 C:\Users\shuva\AppData\Local\Temp\arduino_build_392105\core\board.cpp.o
                0x08002e78                PIN_MAP
 .rodata.GPIOC  0x080030a8        0x4 C:\Users\shuva\AppData\Local\Temp\arduino_build_392105\core\core.a(gpio_f1.c.o)
                0x080030a8                GPIOC
 .rodata.rcc_dev_table
                0x080030ac       0x5c C:\Users\shuva\AppData\Local\Temp\arduino_build_392105\core\core.a(rcc_f1.c.o)
                0x080030ac                rcc_dev_table
 .rodata.masks.4420
                0x08003108       0x14 C:\Users\shuva\AppData\Local\Temp\arduino_build_392105\core\core.a(rcc_f1.c.o)
 .rodata.usbVcomDescriptor_iProduct
                0x0800311c        0xc C:\Users\shuva\AppData\Local\Temp\arduino_build_392105\core\core.a(usb_cdcacm.c.o)
 .rodata.usbVcomDescriptor_iManufacturer
                0x08003128       0x12 C:\Users\shuva\AppData\Local\Temp\arduino_build_392105\core\core.a(usb_cdcacm.c.o)
 .rodata.usbVcomDescriptor_Device
                0x0800313a       0x12 C:\Users\shuva\AppData\Local\Temp\arduino_build_392105\core\core.a(usb_cdcacm.c.o)
 .rodata.usbVcomDescriptor_Config
                0x0800314c       0x43 C:\Users\shuva\AppData\Local\Temp\arduino_build_392105\core\core.a(usb_cdcacm.c.o)
 .rodata.usbVcomDescriptor_LangID
                0x0800318f        0x4 C:\Users\shuva\AppData\Local\Temp\arduino_build_392105\core\core.a(usb_cdcacm.c.o)
 *fill*         0x08003193        0x5 
 .rodata._ZTV14HardwareSerial
                0x08003198       0x28 C:\Users\shuva\AppData\Local\Temp\arduino_build_392105\core\core.a(HardwareSerial.cpp.o)
                0x08003198                vtable for HardwareSerial
 .rodata._ZTV9USBSerial
                0x080031c0       0x28 C:\Users\shuva\AppData\Local\Temp\arduino_build_392105\core\core.a(usb_serial.cpp.o)
                0x080031c0                vtable for USBSerial
 *(.USER_FLASH)
                0x080031e8                . = ALIGN (0x4)
                0x080031e8                _lm_rom_img_cfgp = .
                0x080031e8        0x4 LONG 0x8002a10 LOADADDR (.data)
                0x20000810                _lm_heap_start = DEFINED (_lm_heap_start)?_lm_heap_start:_end
                0x20005000                _lm_heap_end = DEFINED (_lm_heap_end)?_lm_heap_end:__msp_init

.rel.dyn        0x080031ec        0x0
 .rel.iplt      0x00000000        0x0 c:/users/shuva/appdata/local/arduino15/packages/arduino/tools/arm-none-eabi-gcc/4.8.3-2014q1/bin/../lib/gcc/arm-none-eabi/4.8.3/armv7-m/crtbegin.o

.bss            0x20000468      0x3a8
                0x20000468                . = ALIGN (0x8)
                0x20000468                __bss_start__ = .
 *(.bss .bss.* .gnu.linkonce.b.*)
 .bss           0x20000468       0x1c c:/users/shuva/appdata/local/arduino15/packages/arduino/tools/arm-none-eabi-gcc/4.8.3-2014q1/bin/../lib/gcc/arm-none-eabi/4.8.3/armv7-m/crtbegin.o
 .bss.Serial1   0x20000484       0x18 C:\Users\shuva\AppData\Local\Temp\arduino_build_392105\core\board.cpp.o
                0x20000484                Serial1
 .bss.Serial2   0x2000049c       0x18 C:\Users\shuva\AppData\Local\Temp\arduino_build_392105\core\board.cpp.o
                0x2000049c                Serial2
 .bss.Serial3   0x200004b4       0x18 C:\Users\shuva\AppData\Local\Temp\arduino_build_392105\core\board.cpp.o
                0x200004b4                Serial3
 .bss.exti_channels
                0x200004cc       0x80 C:\Users\shuva\AppData\Local\Temp\arduino_build_392105\core\core.a(exti.c.o)
                0x200004cc                exti_channels
 .bss.systick_user_callback
                0x2000054c        0x4 C:\Users\shuva\AppData\Local\Temp\arduino_build_392105\core\core.a(systick.c.o)
 .bss.usart1_wb
                0x20000550        0xc C:\Users\shuva\AppData\Local\Temp\arduino_build_392105\core\core.a(usart_f1.c.o)
 .bss.usart1_rb
                0x2000055c        0xc C:\Users\shuva\AppData\Local\Temp\arduino_build_392105\core\core.a(usart_f1.c.o)
 .bss.usart2_rb
                0x20000568        0xc C:\Users\shuva\AppData\Local\Temp\arduino_build_392105\core\core.a(usart_f1.c.o)
 .bss.usart3_rb
                0x20000574        0xc C:\Users\shuva\AppData\Local\Temp\arduino_build_392105\core\core.a(usart_f1.c.o)
 .bss.usart2_wb
                0x20000580        0xc C:\Users\shuva\AppData\Local\Temp\arduino_build_392105\core\core.a(usart_f1.c.o)
 .bss.usart3_wb
                0x2000058c        0xc C:\Users\shuva\AppData\Local\Temp\arduino_build_392105\core\core.a(usart_f1.c.o)
 .bss.line_dtr_rts
                0x20000598        0x1 C:\Users\shuva\AppData\Local\Temp\arduino_build_392105\core\core.a(usb_cdcacm.c.o)
 .bss.vcomBufferTx
                0x20000599      0x100 C:\Users\shuva\AppData\Local\Temp\arduino_build_392105\core\core.a(usb_cdcacm.c.o)
 *fill*         0x20000699        0x3 
 .bss.tx_head   0x2000069c        0x4 C:\Users\shuva\AppData\Local\Temp\arduino_build_392105\core\core.a(usb_cdcacm.c.o)
 .bss.rx_hook   0x200006a0        0x4 C:\Users\shuva\AppData\Local\Temp\arduino_build_392105\core\core.a(usb_cdcacm.c.o)
 .bss.vcomBufferRx
                0x200006a4      0x100 C:\Users\shuva\AppData\Local\Temp\arduino_build_392105\core\core.a(usb_cdcacm.c.o)
 .bss.transmitting
                0x200007a4        0x1 C:\Users\shuva\AppData\Local\Temp\arduino_build_392105\core\core.a(usb_cdcacm.c.o)
 *fill*         0x200007a5        0x3 
 .bss.rx_tail   0x200007a8        0x4 C:\Users\shuva\AppData\Local\Temp\arduino_build_392105\core\core.a(usb_cdcacm.c.o)
 .bss.iface_setup_hook
                0x200007ac        0x4 C:\Users\shuva\AppData\Local\Temp\arduino_build_392105\core\core.a(usb_cdcacm.c.o)
 .bss.rx_head   0x200007b0        0x4 C:\Users\shuva\AppData\Local\Temp\arduino_build_392105\core\core.a(usb_cdcacm.c.o)
 .bss.tx_tail   0x200007b4        0x4 C:\Users\shuva\AppData\Local\Temp\arduino_build_392105\core\core.a(usb_cdcacm.c.o)
 .bss.Data_Mul_MaxPacketSize
                0x200007b8        0x1 C:\Users\shuva\AppData\Local\Temp\arduino_build_392105\core\core.a(usb_core.c.o)
                0x200007b8                Data_Mul_MaxPacketSize
 .bss._ZN9USBSerial9_hasBegunE
                0x200007b9        0x1 C:\Users\shuva\AppData\Local\Temp\arduino_build_392105\core\core.a(usb_serial.cpp.o)
                0x200007b9                USBSerial::_hasBegun
 *fill*         0x200007ba        0x2 
 .bss.Serial    0x200007bc       0x10 C:\Users\shuva\AppData\Local\Temp\arduino_build_392105\core\core.a(usb_serial.cpp.o)
                0x200007bc                Serial
 .bss._ZL11reset_state
                0x200007cc        0x1 C:\Users\shuva\AppData\Local\Temp\arduino_build_392105\core\core.a(usb_serial.cpp.o)
 .bss._ZN9USBSerial11_isBlockingE
                0x200007cd        0x1 C:\Users\shuva\AppData\Local\Temp\arduino_build_392105\core\core.a(usb_serial.cpp.o)
                0x200007cd                USBSerial::_isBlocking
 *(COMMON)
 *fill*         0x200007ce        0x2 
 COMMON         0x200007d0        0x4 C:\Users\shuva\AppData\Local\Temp\arduino_build_392105\core\core.a(systick.c.o)
                0x200007d0                systick_uptime_millis
 COMMON         0x200007d4        0x6 C:\Users\shuva\AppData\Local\Temp\arduino_build_392105\core\core.a(usb.c.o)
                0x200007d4                SaveRState
                0x200007d6                SaveTState
                0x200007d8                ResumeS
 COMMON         0x200007da        0x2 C:\Users\shuva\AppData\Local\Temp\arduino_build_392105\core\core.a(usb_core.c.o)
                0x200007da                StatusInfo
 COMMON         0x200007dc       0x32 C:\Users\shuva\AppData\Local\Temp\arduino_build_392105\core\core.a(usb_init.c.o)
                0x200007dc                SaveState
                0x200007e0                pProperty
                0x200007e4                EPindex
                0x200007e8                Device_Info
                0x20000804                pUser_Standard_Requests
                0x20000808                pInformation
                0x2000080c                wInterrupt_Mask
                0x20000810                . = ALIGN (0x8)
 *fill*         0x2000080e        0x2 
                0x20000810                __bss_end__ = .
                0x20000810                _end = __bss_end__

.stab
 *(.stab)

.stabstr
 *(.stabstr)

.debug
 *(.debug)

.line
 *(.line)

.debug_srcinfo
 *(.debug_srcinfo)

.debug_sfnames
 *(.debug_sfnames)

.debug_aranges  0x00000000      0xfd0
 *(.debug_aranges)
 .debug_aranges
                0x00000000       0x28 C:\Users\shuva\AppData\Local\Temp\arduino_build_392105\sketch\stm32_blink.ino.cpp.o
 .debug_aranges
                0x00000028       0x20 C:\Users\shuva\AppData\Local\Temp\arduino_build_392105\core\wirish\start.S.o
 .debug_aranges
                0x00000048       0x20 C:\Users\shuva\AppData\Local\Temp\arduino_build_392105\core\wirish\start_c.c.o
 .debug_aranges
                0x00000068       0x88 C:\Users\shuva\AppData\Local\Temp\arduino_build_392105\core\wirish\syscalls.c.o
 .debug_aranges
                0x000000f0       0x28 C:\Users\shuva\AppData\Local\Temp\arduino_build_392105\core\board.cpp.o
 .debug_aranges
                0x00000118       0x40 C:\Users\shuva\AppData\Local\Temp\arduino_build_392105\core\wirish\boards.cpp.o
 .debug_aranges
                0x00000158       0x40 C:\Users\shuva\AppData\Local\Temp\arduino_build_392105\core\wirish\boards_setup.cpp.o
 .debug_aranges
                0x00000198       0x20 C:\Users\shuva\AppData\Local\Temp\arduino_build_392105\core\core.a(exc.S.o)
 .debug_aranges
                0x000001b8       0x20 C:\Users\shuva\AppData\Local\Temp\arduino_build_392105\core\core.a(isrs.S.o)
 .debug_aranges
                0x000001d8       0x38 C:\Users\shuva\AppData\Local\Temp\arduino_build_392105\core\core.a(adc.c.o)
 .debug_aranges
                0x00000210       0x58 C:\Users\shuva\AppData\Local\Temp\arduino_build_392105\core\core.a(adc_f1.c.o)
 .debug_aranges
                0x00000268       0xb0 C:\Users\shuva\AppData\Local\Temp\arduino_build_392105\core\core.a(dma_f1.c.o)
 .debug_aranges
                0x00000318       0x80 C:\Users\shuva\AppData\Local\Temp\arduino_build_392105\core\core.a(exti.c.o)
 .debug_aranges
                0x00000398       0x20 C:\Users\shuva\AppData\Local\Temp\arduino_build_392105\core\core.a(exti_f1.c.o)
 .debug_aranges
                0x000003b8       0x20 C:\Users\shuva\AppData\Local\Temp\arduino_build_392105\core\core.a(flash.c.o)
 .debug_aranges
                0x000003d8       0x48 C:\Users\shuva\AppData\Local\Temp\arduino_build_392105\core\core.a(gpio_f1.c.o)
 .debug_aranges
                0x00000420       0x50 C:\Users\shuva\AppData\Local\Temp\arduino_build_392105\core\core.a(i2c_f1.c.o)
 .debug_aranges
                0x00000470       0x38 C:\Users\shuva\AppData\Local\Temp\arduino_build_392105\core\core.a(nvic.c.o)
 .debug_aranges
                0x000004a8       0x48 C:\Users\shuva\AppData\Local\Temp\arduino_build_392105\core\core.a(rcc.c.o)
 .debug_aranges
                0x000004f0       0x48 C:\Users\shuva\AppData\Local\Temp\arduino_build_392105\core\core.a(rcc_f1.c.o)
 .debug_aranges
                0x00000538       0x40 C:\Users\shuva\AppData\Local\Temp\arduino_build_392105\core\core.a(systick.c.o)
 .debug_aranges
                0x00000578       0xb0 C:\Users\shuva\AppData\Local\Temp\arduino_build_392105\core\core.a(timer.c.o)
 .debug_aranges
                0x00000628       0x50 C:\Users\shuva\AppData\Local\Temp\arduino_build_392105\core\core.a(usart_f1.c.o)
 .debug_aranges
                0x00000678       0x20 C:\Users\shuva\AppData\Local\Temp\arduino_build_392105\core\core.a(usart_private.c.o)
 .debug_aranges
                0x00000698       0x38 C:\Users\shuva\AppData\Local\Temp\arduino_build_392105\core\core.a(usb.c.o)
 .debug_aranges
                0x000006d0      0x128 C:\Users\shuva\AppData\Local\Temp\arduino_build_392105\core\core.a(usb_cdcacm.c.o)
 .debug_aranges
                0x000007f8       0x20 C:\Users\shuva\AppData\Local\Temp\arduino_build_392105\core\core.a(usb_reg_map.c.o)
 .debug_aranges
                0x00000818       0x98 C:\Users\shuva\AppData\Local\Temp\arduino_build_392105\core\core.a(usb_core.c.o)
 .debug_aranges
                0x000008b0       0x20 C:\Users\shuva\AppData\Local\Temp\arduino_build_392105\core\core.a(usb_init.c.o)
 .debug_aranges
                0x000008d0       0x28 C:\Users\shuva\AppData\Local\Temp\arduino_build_392105\core\core.a(usb_mem.c.o)
 .debug_aranges
                0x000008f8      0x1f0 C:\Users\shuva\AppData\Local\Temp\arduino_build_392105\core\core.a(usb_regs.c.o)
 .debug_aranges
                0x00000ae8       0x50 C:\Users\shuva\AppData\Local\Temp\arduino_build_392105\core\core.a(util.c.o)
 .debug_aranges
                0x00000b38       0x70 C:\Users\shuva\AppData\Local\Temp\arduino_build_392105\core\core.a(HardwareSerial.cpp.o)
 .debug_aranges
                0x00000ba8      0x110 C:\Users\shuva\AppData\Local\Temp\arduino_build_392105\core\core.a(Print.cpp.o)
 .debug_aranges
                0x00000cb8       0x28 C:\Users\shuva\AppData\Local\Temp\arduino_build_392105\core\core.a(cxxabi-compat.cpp.o)
 .debug_aranges
                0x00000ce0       0x28 C:\Users\shuva\AppData\Local\Temp\arduino_build_392105\core\core.a(main.cpp.o)
 .debug_aranges
                0x00000d08       0x20 C:\Users\shuva\AppData\Local\Temp\arduino_build_392105\core\core.a(wirish_digital_f1.cpp.o)
 .debug_aranges
                0x00000d28       0xd8 C:\Users\shuva\AppData\Local\Temp\arduino_build_392105\core\core.a(usb_serial.cpp.o)
 .debug_aranges
                0x00000e00       0x28 C:\Users\shuva\AppData\Local\Temp\arduino_build_392105\core\core.a(wirish_digital.cpp.o)
 .debug_aranges
                0x00000e28       0x30 C:\Users\shuva\AppData\Local\Temp\arduino_build_392105\core\core.a(wirish_time.cpp.o)
 .debug_aranges
                0x00000e58       0x20 C:\Users\shuva\AppData\Local\Temp\arduino_build_392105\core\core.a(hooks.c.o)
 .debug_aranges
                0x00000e78       0x40 C:\Users\shuva\AppData\Local\Temp\arduino_build_392105\core\core.a(bkp_f1.c.o)
 .debug_aranges
                0x00000eb8       0x28 C:\Users\shuva\AppData\Local\Temp\arduino_build_392105\core\core.a(dma.c.o)
 .debug_aranges
                0x00000ee0       0x20 C:\Users\shuva\AppData\Local\Temp\arduino_build_392105\core\core.a(gpio.c.o)
 .debug_aranges
                0x00000f00       0x88 C:\Users\shuva\AppData\Local\Temp\arduino_build_392105\core\core.a(i2c.c.o)
 .debug_aranges
                0x00000f88       0x48 C:\Users\shuva\AppData\Local\Temp\arduino_build_392105\core\core.a(usart.c.o)

.debug_pubnames
 *(.debug_pubnames)

.debug_info     0x00000000    0x20308
 *(.debug_info .gnu.linkonce.wi.*)
 .debug_info    0x00000000      0x338 C:\Users\shuva\AppData\Local\Temp\arduino_build_392105\sketch\stm32_blink.ino.cpp.o
 .debug_info    0x00000338       0xc8 C:\Users\shuva\AppData\Local\Temp\arduino_build_392105\core\wirish\start.S.o
 .debug_info    0x00000400      0x14d C:\Users\shuva\AppData\Local\Temp\arduino_build_392105\core\wirish\start_c.c.o
 .debug_info    0x0000054d      0x5cd C:\Users\shuva\AppData\Local\Temp\arduino_build_392105\core\wirish\syscalls.c.o
 .debug_info    0x00000b1a      0xf2e C:\Users\shuva\AppData\Local\Temp\arduino_build_392105\core\board.cpp.o
 .debug_info    0x00001a48     0x142d C:\Users\shuva\AppData\Local\Temp\arduino_build_392105\core\wirish\boards.cpp.o
 .debug_info    0x00002e75     0x10c5 C:\Users\shuva\AppData\Local\Temp\arduino_build_392105\core\wirish\boards_setup.cpp.o
 .debug_info    0x00003f3a       0xb8 C:\Users\shuva\AppData\Local\Temp\arduino_build_392105\core\core.a(exc.S.o)
 .debug_info    0x00003ff2       0xcd C:\Users\shuva\AppData\Local\Temp\arduino_build_392105\core\core.a(isrs.S.o)
 .debug_info    0x000040bf      0x79a C:\Users\shuva\AppData\Local\Temp\arduino_build_392105\core\core.a(adc.c.o)
 .debug_info    0x00004859      0xe4a C:\Users\shuva\AppData\Local\Temp\arduino_build_392105\core\core.a(adc_f1.c.o)
 .debug_info    0x000056a3     0x18b1 C:\Users\shuva\AppData\Local\Temp\arduino_build_392105\core\core.a(dma_f1.c.o)
 .debug_info    0x00006f54      0xd3c C:\Users\shuva\AppData\Local\Temp\arduino_build_392105\core\core.a(exti.c.o)
 .debug_info    0x00007c90      0x213 C:\Users\shuva\AppData\Local\Temp\arduino_build_392105\core\core.a(exti_f1.c.o)
 .debug_info    0x00007ea3      0x128 C:\Users\shuva\AppData\Local\Temp\arduino_build_392105\core\core.a(flash.c.o)
 .debug_info    0x00007fcb      0x715 C:\Users\shuva\AppData\Local\Temp\arduino_build_392105\core\core.a(gpio_f1.c.o)
 .debug_info    0x000086e0      0xc25 C:\Users\shuva\AppData\Local\Temp\arduino_build_392105\core\core.a(i2c_f1.c.o)
 .debug_info    0x00009305      0x5a2 C:\Users\shuva\AppData\Local\Temp\arduino_build_392105\core\core.a(nvic.c.o)
 .debug_info    0x000098a7      0x556 C:\Users\shuva\AppData\Local\Temp\arduino_build_392105\core\core.a(rcc.c.o)
 .debug_info    0x00009dfd      0xb64 C:\Users\shuva\AppData\Local\Temp\arduino_build_392105\core\core.a(rcc_f1.c.o)
 .debug_info    0x0000a961      0x182 C:\Users\shuva\AppData\Local\Temp\arduino_build_392105\core\core.a(systick.c.o)
 .debug_info    0x0000aae3     0x197d C:\Users\shuva\AppData\Local\Temp\arduino_build_392105\core\core.a(timer.c.o)
 .debug_info    0x0000c460      0xb89 C:\Users\shuva\AppData\Local\Temp\arduino_build_392105\core\core.a(usart_f1.c.o)
 .debug_info    0x0000cfe9      0x595 C:\Users\shuva\AppData\Local\Temp\arduino_build_392105\core\core.a(usart_private.c.o)
 .debug_info    0x0000d57e      0xd16 C:\Users\shuva\AppData\Local\Temp\arduino_build_392105\core\core.a(usb.c.o)
 .debug_info    0x0000e294     0x22d2 C:\Users\shuva\AppData\Local\Temp\arduino_build_392105\core\core.a(usb_cdcacm.c.o)
 .debug_info    0x00010566      0x26c C:\Users\shuva\AppData\Local\Temp\arduino_build_392105\core\core.a(usb_reg_map.c.o)
 .debug_info    0x000107d2      0xddf C:\Users\shuva\AppData\Local\Temp\arduino_build_392105\core\core.a(usb_core.c.o)
 .debug_info    0x000115b1      0x3ed C:\Users\shuva\AppData\Local\Temp\arduino_build_392105\core\core.a(usb_init.c.o)
 .debug_info    0x0001199e      0x183 C:\Users\shuva\AppData\Local\Temp\arduino_build_392105\core\core.a(usb_mem.c.o)
 .debug_info    0x00011b21      0xc88 C:\Users\shuva\AppData\Local\Temp\arduino_build_392105\core\core.a(usb_regs.c.o)
 .debug_info    0x000127a9      0xad2 C:\Users\shuva\AppData\Local\Temp\arduino_build_392105\core\core.a(util.c.o)
 .debug_info    0x0001327b     0x29ea C:\Users\shuva\AppData\Local\Temp\arduino_build_392105\core\core.a(HardwareSerial.cpp.o)
 .debug_info    0x00015c65     0x258c C:\Users\shuva\AppData\Local\Temp\arduino_build_392105\core\core.a(Print.cpp.o)
 .debug_info    0x000181f1      0x526 C:\Users\shuva\AppData\Local\Temp\arduino_build_392105\core\core.a(cxxabi-compat.cpp.o)
 .debug_info    0x00018717       0x99 C:\Users\shuva\AppData\Local\Temp\arduino_build_392105\core\core.a(main.cpp.o)
 .debug_info    0x000187b0      0xc8a C:\Users\shuva\AppData\Local\Temp\arduino_build_392105\core\core.a(wirish_digital_f1.cpp.o)
 .debug_info    0x0001943a     0x2afa C:\Users\shuva\AppData\Local\Temp\arduino_build_392105\core\core.a(usb_serial.cpp.o)
 .debug_info    0x0001bf34      0xb0b C:\Users\shuva\AppData\Local\Temp\arduino_build_392105\core\core.a(wirish_digital.cpp.o)
 .debug_info    0x0001ca3f      0x2be C:\Users\shuva\AppData\Local\Temp\arduino_build_392105\core\core.a(wirish_time.cpp.o)
 .debug_info    0x0001ccfd       0x33 C:\Users\shuva\AppData\Local\Temp\arduino_build_392105\core\core.a(hooks.c.o)
 .debug_info    0x0001cd30      0x4ca C:\Users\shuva\AppData\Local\Temp\arduino_build_392105\core\core.a(bkp_f1.c.o)
 .debug_info    0x0001d1fa      0x6f7 C:\Users\shuva\AppData\Local\Temp\arduino_build_392105\core\core.a(dma.c.o)
 .debug_info    0x0001d8f1      0x313 C:\Users\shuva\AppData\Local\Temp\arduino_build_392105\core\core.a(gpio.c.o)
 .debug_info    0x0001dc04     0x1ad2 C:\Users\shuva\AppData\Local\Temp\arduino_build_392105\core\core.a(i2c.c.o)
 .debug_info    0x0001f6d6      0xc32 C:\Users\shuva\AppData\Local\Temp\arduino_build_392105\core\core.a(usart.c.o)

.debug_abbrev   0x00000000     0x61ee
 *(.debug_abbrev)
 .debug_abbrev  0x00000000      0x113 C:\Users\shuva\AppData\Local\Temp\arduino_build_392105\sketch\stm32_blink.ino.cpp.o
 .debug_abbrev  0x00000113       0x14 C:\Users\shuva\AppData\Local\Temp\arduino_build_392105\core\wirish\start.S.o
 .debug_abbrev  0x00000127       0xfd C:\Users\shuva\AppData\Local\Temp\arduino_build_392105\core\wirish\start_c.c.o
 .debug_abbrev  0x00000224      0x17e C:\Users\shuva\AppData\Local\Temp\arduino_build_392105\core\wirish\syscalls.c.o
 .debug_abbrev  0x000003a2      0x1ea C:\Users\shuva\AppData\Local\Temp\arduino_build_392105\core\board.cpp.o
 .debug_abbrev  0x0000058c      0x3dd C:\Users\shuva\AppData\Local\Temp\arduino_build_392105\core\wirish\boards.cpp.o
 .debug_abbrev  0x00000969      0x2af C:\Users\shuva\AppData\Local\Temp\arduino_build_392105\core\wirish\boards_setup.cpp.o
 .debug_abbrev  0x00000c18       0x14 C:\Users\shuva\AppData\Local\Temp\arduino_build_392105\core\core.a(exc.S.o)
 .debug_abbrev  0x00000c2c       0x14 C:\Users\shuva\AppData\Local\Temp\arduino_build_392105\core\core.a(isrs.S.o)
 .debug_abbrev  0x00000c40      0x20b C:\Users\shuva\AppData\Local\Temp\arduino_build_392105\core\core.a(adc.c.o)
 .debug_abbrev  0x00000e4b      0x2e6 C:\Users\shuva\AppData\Local\Temp\arduino_build_392105\core\core.a(adc_f1.c.o)
 .debug_abbrev  0x00001131      0x3e9 C:\Users\shuva\AppData\Local\Temp\arduino_build_392105\core\core.a(dma_f1.c.o)
 .debug_abbrev  0x0000151a      0x286 C:\Users\shuva\AppData\Local\Temp\arduino_build_392105\core\core.a(exti.c.o)
 .debug_abbrev  0x000017a0       0xdb C:\Users\shuva\AppData\Local\Temp\arduino_build_392105\core\core.a(exti_f1.c.o)
 .debug_abbrev  0x0000187b       0x9f C:\Users\shuva\AppData\Local\Temp\arduino_build_392105\core\core.a(flash.c.o)
 .debug_abbrev  0x0000191a      0x191 C:\Users\shuva\AppData\Local\Temp\arduino_build_392105\core\core.a(gpio_f1.c.o)
 .debug_abbrev  0x00001aab      0x20b C:\Users\shuva\AppData\Local\Temp\arduino_build_392105\core\core.a(i2c_f1.c.o)
 .debug_abbrev  0x00001cb6      0x1ac C:\Users\shuva\AppData\Local\Temp\arduino_build_392105\core\core.a(nvic.c.o)
 .debug_abbrev  0x00001e62      0x17f C:\Users\shuva\AppData\Local\Temp\arduino_build_392105\core\core.a(rcc.c.o)
 .debug_abbrev  0x00001fe1      0x28c C:\Users\shuva\AppData\Local\Temp\arduino_build_392105\core\core.a(rcc_f1.c.o)
 .debug_abbrev  0x0000226d      0x10f C:\Users\shuva\AppData\Local\Temp\arduino_build_392105\core\core.a(systick.c.o)
 .debug_abbrev  0x0000237c      0x4c8 C:\Users\shuva\AppData\Local\Temp\arduino_build_392105\core\core.a(timer.c.o)
 .debug_abbrev  0x00002844      0x2ad C:\Users\shuva\AppData\Local\Temp\arduino_build_392105\core\core.a(usart_f1.c.o)
 .debug_abbrev  0x00002af1      0x144 C:\Users\shuva\AppData\Local\Temp\arduino_build_392105\core\core.a(usart_private.c.o)
 .debug_abbrev  0x00002c35      0x352 C:\Users\shuva\AppData\Local\Temp\arduino_build_392105\core\core.a(usb.c.o)
 .debug_abbrev  0x00002f87      0x47d C:\Users\shuva\AppData\Local\Temp\arduino_build_392105\core\core.a(usb_cdcacm.c.o)
 .debug_abbrev  0x00003404      0x193 C:\Users\shuva\AppData\Local\Temp\arduino_build_392105\core\core.a(usb_reg_map.c.o)
 .debug_abbrev  0x00003597      0x3a6 C:\Users\shuva\AppData\Local\Temp\arduino_build_392105\core\core.a(usb_core.c.o)
 .debug_abbrev  0x0000393d      0x101 C:\Users\shuva\AppData\Local\Temp\arduino_build_392105\core\core.a(usb_init.c.o)
 .debug_abbrev  0x00003a3e       0xa6 C:\Users\shuva\AppData\Local\Temp\arduino_build_392105\core\core.a(usb_mem.c.o)
 .debug_abbrev  0x00003ae4      0x1f3 C:\Users\shuva\AppData\Local\Temp\arduino_build_392105\core\core.a(usb_regs.c.o)
 .debug_abbrev  0x00003cd7      0x2cb C:\Users\shuva\AppData\Local\Temp\arduino_build_392105\core\core.a(util.c.o)
 .debug_abbrev  0x00003fa2      0x535 C:\Users\shuva\AppData\Local\Temp\arduino_build_392105\core\core.a(HardwareSerial.cpp.o)
 .debug_abbrev  0x000044d7      0x414 C:\Users\shuva\AppData\Local\Temp\arduino_build_392105\core\core.a(Print.cpp.o)
 .debug_abbrev  0x000048eb      0x163 C:\Users\shuva\AppData\Local\Temp\arduino_build_392105\core\core.a(cxxabi-compat.cpp.o)
 .debug_abbrev  0x00004a4e       0x7b C:\Users\shuva\AppData\Local\Temp\arduino_build_392105\core\core.a(main.cpp.o)
 .debug_abbrev  0x00004ac9      0x240 C:\Users\shuva\AppData\Local\Temp\arduino_build_392105\core\core.a(wirish_digital_f1.cpp.o)
 .debug_abbrev  0x00004d09      0x635 C:\Users\shuva\AppData\Local\Temp\arduino_build_392105\core\core.a(usb_serial.cpp.o)
 .debug_abbrev  0x0000533e      0x17e C:\Users\shuva\AppData\Local\Temp\arduino_build_392105\core\core.a(wirish_digital.cpp.o)
 .debug_abbrev  0x000054bc      0x187 C:\Users\shuva\AppData\Local\Temp\arduino_build_392105\core\core.a(wirish_time.cpp.o)
 .debug_abbrev  0x00005643       0x26 C:\Users\shuva\AppData\Local\Temp\arduino_build_392105\core\core.a(hooks.c.o)
 .debug_abbrev  0x00005669      0x1c4 C:\Users\shuva\AppData\Local\Temp\arduino_build_392105\core\core.a(bkp_f1.c.o)
 .debug_abbrev  0x0000582d      0x182 C:\Users\shuva\AppData\Local\Temp\arduino_build_392105\core\core.a(dma.c.o)
 .debug_abbrev  0x000059af      0x113 C:\Users\shuva\AppData\Local\Temp\arduino_build_392105\core\core.a(gpio.c.o)
 .debug_abbrev  0x00005ac2      0x42d C:\Users\shuva\AppData\Local\Temp\arduino_build_392105\core\core.a(i2c.c.o)
 .debug_abbrev  0x00005eef      0x2ff C:\Users\shuva\AppData\Local\Temp\arduino_build_392105\core\core.a(usart.c.o)

.debug_line     0x00000000     0xabf7
 *(.debug_line)
 .debug_line    0x00000000      0x3a9 C:\Users\shuva\AppData\Local\Temp\arduino_build_392105\sketch\stm32_blink.ino.cpp.o
 .debug_line    0x000003a9       0xb5 C:\Users\shuva\AppData\Local\Temp\arduino_build_392105\core\wirish\start.S.o
 .debug_line    0x0000045e       0xc3 C:\Users\shuva\AppData\Local\Temp\arduino_build_392105\core\wirish\start_c.c.o
 .debug_line    0x00000521      0x30b C:\Users\shuva\AppData\Local\Temp\arduino_build_392105\core\wirish\syscalls.c.o
 .debug_line    0x0000082c      0x458 C:\Users\shuva\AppData\Local\Temp\arduino_build_392105\core\board.cpp.o
 .debug_line    0x00000c84      0x4cf C:\Users\shuva\AppData\Local\Temp\arduino_build_392105\core\wirish\boards.cpp.o
 .debug_line    0x00001153      0x4c2 C:\Users\shuva\AppData\Local\Temp\arduino_build_392105\core\wirish\boards_setup.cpp.o
 .debug_line    0x00001615       0xb8 C:\Users\shuva\AppData\Local\Temp\arduino_build_392105\core\core.a(exc.S.o)
 .debug_line    0x000016cd       0xb5 C:\Users\shuva\AppData\Local\Temp\arduino_build_392105\core\core.a(isrs.S.o)
 .debug_line    0x00001782      0x345 C:\Users\shuva\AppData\Local\Temp\arduino_build_392105\core\core.a(adc.c.o)
 .debug_line    0x00001ac7      0x3f1 C:\Users\shuva\AppData\Local\Temp\arduino_build_392105\core\core.a(adc_f1.c.o)
 .debug_line    0x00001eb8      0x677 C:\Users\shuva\AppData\Local\Temp\arduino_build_392105\core\core.a(dma_f1.c.o)
 .debug_line    0x0000252f      0x41e C:\Users\shuva\AppData\Local\Temp\arduino_build_392105\core\core.a(exti.c.o)
 .debug_line    0x0000294d      0x348 C:\Users\shuva\AppData\Local\Temp\arduino_build_392105\core\core.a(exti_f1.c.o)
 .debug_line    0x00002c95      0x2c7 C:\Users\shuva\AppData\Local\Temp\arduino_build_392105\core\core.a(flash.c.o)
 .debug_line    0x00002f5c      0x370 C:\Users\shuva\AppData\Local\Temp\arduino_build_392105\core\core.a(gpio_f1.c.o)
 .debug_line    0x000032cc      0x455 C:\Users\shuva\AppData\Local\Temp\arduino_build_392105\core\core.a(i2c_f1.c.o)
 .debug_line    0x00003721      0x32f C:\Users\shuva\AppData\Local\Temp\arduino_build_392105\core\core.a(nvic.c.o)
 .debug_line    0x00003a50      0x3c9 C:\Users\shuva\AppData\Local\Temp\arduino_build_392105\core\core.a(rcc.c.o)
 .debug_line    0x00003e19      0x416 C:\Users\shuva\AppData\Local\Temp\arduino_build_392105\core\core.a(rcc_f1.c.o)
 .debug_line    0x0000422f      0x298 C:\Users\shuva\AppData\Local\Temp\arduino_build_392105\core\core.a(systick.c.o)
 .debug_line    0x000044c7      0x629 C:\Users\shuva\AppData\Local\Temp\arduino_build_392105\core\core.a(timer.c.o)
 .debug_line    0x00004af0      0x466 C:\Users\shuva\AppData\Local\Temp\arduino_build_392105\core\core.a(usart_f1.c.o)
 .debug_line    0x00004f56      0x303 C:\Users\shuva\AppData\Local\Temp\arduino_build_392105\core\core.a(usart_private.c.o)
 .debug_line    0x00005259      0x53d C:\Users\shuva\AppData\Local\Temp\arduino_build_392105\core\core.a(usb.c.o)
 .debug_line    0x00005796      0x947 C:\Users\shuva\AppData\Local\Temp\arduino_build_392105\core\core.a(usb_cdcacm.c.o)
 .debug_line    0x000060dd      0x2fa C:\Users\shuva\AppData\Local\Temp\arduino_build_392105\core\core.a(usb_reg_map.c.o)
 .debug_line    0x000063d7      0x433 C:\Users\shuva\AppData\Local\Temp\arduino_build_392105\core\core.a(usb_core.c.o)
 .debug_line    0x0000680a      0x148 C:\Users\shuva\AppData\Local\Temp\arduino_build_392105\core\core.a(usb_init.c.o)
 .debug_line    0x00006952      0x182 C:\Users\shuva\AppData\Local\Temp\arduino_build_392105\core\core.a(usb_mem.c.o)
 .debug_line    0x00006ad4      0x5ac C:\Users\shuva\AppData\Local\Temp\arduino_build_392105\core\core.a(usb_regs.c.o)
 .debug_line    0x00007080      0x3cb C:\Users\shuva\AppData\Local\Temp\arduino_build_392105\core\core.a(util.c.o)
 .debug_line    0x0000744b      0x55d C:\Users\shuva\AppData\Local\Temp\arduino_build_392105\core\core.a(HardwareSerial.cpp.o)
 .debug_line    0x000079a8      0x5ca C:\Users\shuva\AppData\Local\Temp\arduino_build_392105\core\core.a(Print.cpp.o)
 .debug_line    0x00007f72      0x26d C:\Users\shuva\AppData\Local\Temp\arduino_build_392105\core\core.a(cxxabi-compat.cpp.o)
 .debug_line    0x000081df       0xb0 C:\Users\shuva\AppData\Local\Temp\arduino_build_392105\core\core.a(main.cpp.o)
 .debug_line    0x0000828f      0x3f6 C:\Users\shuva\AppData\Local\Temp\arduino_build_392105\core\core.a(wirish_digital_f1.cpp.o)
 .debug_line    0x00008685      0x6cf C:\Users\shuva\AppData\Local\Temp\arduino_build_392105\core\core.a(usb_serial.cpp.o)
 .debug_line    0x00008d54      0x379 C:\Users\shuva\AppData\Local\Temp\arduino_build_392105\core\core.a(wirish_digital.cpp.o)
 .debug_line    0x000090cd      0x35d C:\Users\shuva\AppData\Local\Temp\arduino_build_392105\core\core.a(wirish_time.cpp.o)
 .debug_line    0x0000942a       0x99 C:\Users\shuva\AppData\Local\Temp\arduino_build_392105\core\core.a(hooks.c.o)
 .debug_line    0x000094c3      0x341 C:\Users\shuva\AppData\Local\Temp\arduino_build_392105\core\core.a(bkp_f1.c.o)
 .debug_line    0x00009804      0x392 C:\Users\shuva\AppData\Local\Temp\arduino_build_392105\core\core.a(dma.c.o)
 .debug_line    0x00009b96      0x2ec C:\Users\shuva\AppData\Local\Temp\arduino_build_392105\core\core.a(gpio.c.o)
 .debug_line    0x00009e82      0x918 C:\Users\shuva\AppData\Local\Temp\arduino_build_392105\core\core.a(i2c.c.o)
 .debug_line    0x0000a79a      0x45d C:\Users\shuva\AppData\Local\Temp\arduino_build_392105\core\core.a(usart.c.o)

.debug_frame    0x00000000     0x22fc
 *(.debug_frame)
 .debug_frame   0x00000000       0x38 C:\Users\shuva\AppData\Local\Temp\arduino_build_392105\sketch\stm32_blink.ino.cpp.o
 .debug_frame   0x00000038       0x28 C:\Users\shuva\AppData\Local\Temp\arduino_build_392105\core\wirish\start_c.c.o
 .debug_frame   0x00000060      0x130 C:\Users\shuva\AppData\Local\Temp\arduino_build_392105\core\wirish\syscalls.c.o
 .debug_frame   0x00000190       0x38 C:\Users\shuva\AppData\Local\Temp\arduino_build_392105\core\board.cpp.o
 .debug_frame   0x000001c8       0x84 C:\Users\shuva\AppData\Local\Temp\arduino_build_392105\core\wirish\boards.cpp.o
 .debug_frame   0x0000024c       0x74 C:\Users\shuva\AppData\Local\Temp\arduino_build_392105\core\wirish\boards_setup.cpp.o
 .debug_frame   0x000002c0       0x64 C:\Users\shuva\AppData\Local\Temp\arduino_build_392105\core\core.a(adc.c.o)
 .debug_frame   0x00000324       0xb4 C:\Users\shuva\AppData\Local\Temp\arduino_build_392105\core\core.a(adc_f1.c.o)
 .debug_frame   0x000003d8      0x190 C:\Users\shuva\AppData\Local\Temp\arduino_build_392105\core\core.a(dma_f1.c.o)
 .debug_frame   0x00000568      0x11c C:\Users\shuva\AppData\Local\Temp\arduino_build_392105\core\core.a(exti.c.o)
 .debug_frame   0x00000684       0x20 C:\Users\shuva\AppData\Local\Temp\arduino_build_392105\core\core.a(exti_f1.c.o)
 .debug_frame   0x000006a4       0x20 C:\Users\shuva\AppData\Local\Temp\arduino_build_392105\core\core.a(flash.c.o)
 .debug_frame   0x000006c4       0x8c C:\Users\shuva\AppData\Local\Temp\arduino_build_392105\core\core.a(gpio_f1.c.o)
 .debug_frame   0x00000750       0x94 C:\Users\shuva\AppData\Local\Temp\arduino_build_392105\core\core.a(i2c_f1.c.o)
 .debug_frame   0x000007e4       0x5c C:\Users\shuva\AppData\Local\Temp\arduino_build_392105\core\core.a(nvic.c.o)
 .debug_frame   0x00000840       0x70 C:\Users\shuva\AppData\Local\Temp\arduino_build_392105\core\core.a(rcc.c.o)
 .debug_frame   0x000008b0       0x98 C:\Users\shuva\AppData\Local\Temp\arduino_build_392105\core\core.a(rcc_f1.c.o)
 .debug_frame   0x00000948       0x68 C:\Users\shuva\AppData\Local\Temp\arduino_build_392105\core\core.a(systick.c.o)
 .debug_frame   0x000009b0      0x1c0 C:\Users\shuva\AppData\Local\Temp\arduino_build_392105\core\core.a(timer.c.o)
 .debug_frame   0x00000b70       0xac C:\Users\shuva\AppData\Local\Temp\arduino_build_392105\core\core.a(usart_f1.c.o)
 .debug_frame   0x00000c1c       0x28 C:\Users\shuva\AppData\Local\Temp\arduino_build_392105\core\core.a(usart_private.c.o)
 .debug_frame   0x00000c44       0x6c C:\Users\shuva\AppData\Local\Temp\arduino_build_392105\core\core.a(usb.c.o)
 .debug_frame   0x00000cb0      0x2c8 C:\Users\shuva\AppData\Local\Temp\arduino_build_392105\core\core.a(usb_cdcacm.c.o)
 .debug_frame   0x00000f78       0x20 C:\Users\shuva\AppData\Local\Temp\arduino_build_392105\core\core.a(usb_reg_map.c.o)
 .debug_frame   0x00000f98      0x1ac C:\Users\shuva\AppData\Local\Temp\arduino_build_392105\core\core.a(usb_core.c.o)
 .debug_frame   0x00001144       0x28 C:\Users\shuva\AppData\Local\Temp\arduino_build_392105\core\core.a(usb_init.c.o)
 .debug_frame   0x0000116c       0x4c C:\Users\shuva\AppData\Local\Temp\arduino_build_392105\core\core.a(usb_mem.c.o)
 .debug_frame   0x000011b8      0x3d0 C:\Users\shuva\AppData\Local\Temp\arduino_build_392105\core\core.a(usb_regs.c.o)
 .debug_frame   0x00001588       0xc8 C:\Users\shuva\AppData\Local\Temp\arduino_build_392105\core\core.a(util.c.o)
 .debug_frame   0x00001650      0x10c C:\Users\shuva\AppData\Local\Temp\arduino_build_392105\core\core.a(HardwareSerial.cpp.o)
 .debug_frame   0x0000175c      0x378 C:\Users\shuva\AppData\Local\Temp\arduino_build_392105\core\core.a(Print.cpp.o)
 .debug_frame   0x00001ad4       0x38 C:\Users\shuva\AppData\Local\Temp\arduino_build_392105\core\core.a(cxxabi-compat.cpp.o)
 .debug_frame   0x00001b0c       0x38 C:\Users\shuva\AppData\Local\Temp\arduino_build_392105\core\core.a(main.cpp.o)
 .debug_frame   0x00001b44       0x2c C:\Users\shuva\AppData\Local\Temp\arduino_build_392105\core\core.a(wirish_digital_f1.cpp.o)
 .debug_frame   0x00001b70      0x244 C:\Users\shuva\AppData\Local\Temp\arduino_build_392105\core\core.a(usb_serial.cpp.o)
 .debug_frame   0x00001db4       0x30 C:\Users\shuva\AppData\Local\Temp\arduino_build_392105\core\core.a(wirish_digital.cpp.o)
 .debug_frame   0x00001de4       0x4c C:\Users\shuva\AppData\Local\Temp\arduino_build_392105\core\core.a(wirish_time.cpp.o)
 .debug_frame   0x00001e30       0x20 C:\Users\shuva\AppData\Local\Temp\arduino_build_392105\core\core.a(hooks.c.o)
 .debug_frame   0x00001e50       0x68 C:\Users\shuva\AppData\Local\Temp\arduino_build_392105\core\core.a(bkp_f1.c.o)
 .debug_frame   0x00001eb8       0x30 C:\Users\shuva\AppData\Local\Temp\arduino_build_392105\core\core.a(dma.c.o)
 .debug_frame   0x00001ee8       0x28 C:\Users\shuva\AppData\Local\Temp\arduino_build_392105\core\core.a(gpio.c.o)
 .debug_frame   0x00001f10      0x14c C:\Users\shuva\AppData\Local\Temp\arduino_build_392105\core\core.a(i2c.c.o)
 .debug_frame   0x0000205c       0xb4 C:\Users\shuva\AppData\Local\Temp\arduino_build_392105\core\core.a(usart.c.o)
 .debug_frame   0x00002110       0x2c c:/users/shuva/appdata/local/arduino15/packages/arduino/tools/arm-none-eabi-gcc/4.8.3-2014q1/bin/../lib/gcc/arm-none-eabi/4.8.3/armv7-m\libgcc.a(_fixdfdi.o)
 .debug_frame   0x0000213c       0x2c c:/users/shuva/appdata/local/arduino15/packages/arduino/tools/arm-none-eabi-gcc/4.8.3-2014q1/bin/../lib/gcc/arm-none-eabi/4.8.3/armv7-m\libgcc.a(_fixunsdfdi.o)
 .debug_frame   0x00002168       0x58 c:/users/shuva/appdata/local/arduino15/packages/arduino/tools/arm-none-eabi-gcc/4.8.3-2014q1/bin/../lib/gcc/arm-none-eabi/4.8.3/armv7-m\libgcc.a(bpabi.o)
 .debug_frame   0x000021c0       0x34 c:/users/shuva/appdata/local/arduino15/packages/arduino/tools/arm-none-eabi-gcc/4.8.3-2014q1/bin/../lib/gcc/arm-none-eabi/4.8.3/armv7-m\libgcc.a(_divdi3.o)
 .debug_frame   0x000021f4       0x34 c:/users/shuva/appdata/local/arduino15/packages/arduino/tools/arm-none-eabi-gcc/4.8.3-2014q1/bin/../lib/gcc/arm-none-eabi/4.8.3/armv7-m\libgcc.a(_udivdi3.o)
 .debug_frame   0x00002228       0x20 c:/users/shuva/appdata/local/arduino15/packages/arduino/tools/arm-none-eabi-gcc/4.8.3-2014q1/bin/../lib/gcc/arm-none-eabi/4.8.3/../../../../arm-none-eabi/lib/armv7-m\libc_s.a(lib_a-errno.o)
 .debug_frame   0x00002248       0x28 c:/users/shuva/appdata/local/arduino15/packages/arduino/tools/arm-none-eabi-gcc/4.8.3-2014q1/bin/../lib/gcc/arm-none-eabi/4.8.3/../../../../arm-none-eabi/lib/armv7-m\libc_s.a(lib_a-exit.o)
 .debug_frame   0x00002270       0x2c c:/users/shuva/appdata/local/arduino15/packages/arduino/tools/arm-none-eabi-gcc/4.8.3-2014q1/bin/../lib/gcc/arm-none-eabi/4.8.3/../../../../arm-none-eabi/lib/armv7-m\libc_s.a(lib_a-init.o)
 .debug_frame   0x0000229c       0x20 c:/users/shuva/appdata/local/arduino15/packages/arduino/tools/arm-none-eabi-gcc/4.8.3-2014q1/bin/../lib/gcc/arm-none-eabi/4.8.3/../../../../arm-none-eabi/lib/armv7-m\libc_s.a(lib_a-memset.o)
 .debug_frame   0x000022bc       0x20 c:/users/shuva/appdata/local/arduino15/packages/arduino/tools/arm-none-eabi-gcc/4.8.3-2014q1/bin/../lib/gcc/arm-none-eabi/4.8.3/../../../../arm-none-eabi/lib/armv7-m\libc_s.a(lib_a-strcpy.o)
 .debug_frame   0x000022dc       0x20 c:/users/shuva/appdata/local/arduino15/packages/arduino/tools/arm-none-eabi-gcc/4.8.3-2014q1/bin/../lib/gcc/arm-none-eabi/4.8.3/../../../../arm-none-eabi/lib/armv7-m\libc_s.a(lib_a-strlen.o)

.debug_str      0x00000000     0x7d78
 *(.debug_str)
 .debug_str     0x00000000      0x33f C:\Users\shuva\AppData\Local\Temp\arduino_build_392105\sketch\stm32_blink.ino.cpp.o
                                0x3bf (size before relaxing)
 .debug_str     0x0000033f      0x1c4 C:\Users\shuva\AppData\Local\Temp\arduino_build_392105\core\wirish\start_c.c.o
                                0x1fd (size before relaxing)
 .debug_str     0x00000503      0x1e7 C:\Users\shuva\AppData\Local\Temp\arduino_build_392105\core\wirish\syscalls.c.o
                                0x38e (size before relaxing)
 .debug_str     0x000006ea      0xa76 C:\Users\shuva\AppData\Local\Temp\arduino_build_392105\core\board.cpp.o
                                0xd21 (size before relaxing)
 .debug_str     0x00001160      0x77f C:\Users\shuva\AppData\Local\Temp\arduino_build_392105\core\wirish\boards.cpp.o
                               0x1157 (size before relaxing)
 .debug_str     0x000018df      0x53c C:\Users\shuva\AppData\Local\Temp\arduino_build_392105\core\wirish\boards_setup.cpp.o
                               0x12a0 (size before relaxing)
 .debug_str     0x00001e1b      0x239 C:\Users\shuva\AppData\Local\Temp\arduino_build_392105\core\core.a(adc.c.o)
                                0xad6 (size before relaxing)
 .debug_str     0x00002054      0x178 C:\Users\shuva\AppData\Local\Temp\arduino_build_392105\core\core.a(adc_f1.c.o)
                                0xdf1 (size before relaxing)
 .debug_str     0x000021cc      0xaef C:\Users\shuva\AppData\Local\Temp\arduino_build_392105\core\core.a(dma_f1.c.o)
                               0x13b4 (size before relaxing)
 .debug_str     0x00002cbb      0x23a C:\Users\shuva\AppData\Local\Temp\arduino_build_392105\core\core.a(exti.c.o)
                                0x935 (size before relaxing)
 .debug_str     0x00002ef5       0xb2 C:\Users\shuva\AppData\Local\Temp\arduino_build_392105\core\core.a(exti_f1.c.o)
                                0x2fb (size before relaxing)
 .debug_str     0x00002fa7       0x7f C:\Users\shuva\AppData\Local\Temp\arduino_build_392105\core\core.a(flash.c.o)
                                0x21a (size before relaxing)
 .debug_str     0x00003026      0x2d3 C:\Users\shuva\AppData\Local\Temp\arduino_build_392105\core\core.a(gpio_f1.c.o)
                                0x7f3 (size before relaxing)
 .debug_str     0x000032f9      0x2db C:\Users\shuva\AppData\Local\Temp\arduino_build_392105\core\core.a(i2c_f1.c.o)
                                0xdcc (size before relaxing)
 .debug_str     0x000035d4       0xee C:\Users\shuva\AppData\Local\Temp\arduino_build_392105\core\core.a(nvic.c.o)
                                0x723 (size before relaxing)